Archive member included because of file (symbol)

ym/mbed-drivers/source/mbed-drivers.a(Serial.cpp.o)
                              test/CMakeFiles/htu21d-test-test.dir/C_/Users/andwat01/Documents/htu21d/test/test.cpp.o (mbed::Serial::Serial(PinName, PinName, char const*))
ym/mbed-drivers/source/mbed-drivers.a(gpio.c.o)
                              test/CMakeFiles/htu21d-test-test.dir/C_/Users/andwat01/Documents/htu21d/test/test.cpp.o (gpio_init_out)
ym/mbed-drivers/source/mbed-drivers.a(retarget.cpp.o)
                              c:/progra~2/gnutoo~1/4636a~1.920/bin/../lib/gcc/arm-none-eabi/4.9.3/../../../../arm-none-eabi/lib/armv7e-m/crt0.o (__wrap_main)
ym/mbed-drivers/source/mbed-drivers.a(error.c.o)
                              ym/mbed-drivers/source/mbed-drivers.a(retarget.cpp.o) (error)
ym/mbed-drivers/source/mbed-drivers.a(SerialBase.cpp.o)
                              ym/mbed-drivers/source/mbed-drivers.a(Serial.cpp.o) (mbed::SerialBase::_base_getc())
ym/mbed-drivers/source/mbed-drivers.a(wait_api.c.o)
                              ym/mbed-drivers/source/mbed-drivers.a(SerialBase.cpp.o) (wait_us)
ym/mbed-drivers/source/mbed-drivers.a(Stream.cpp.o)
                              ym/mbed-drivers/source/mbed-drivers.a(Serial.cpp.o) (mbed::Stream::close())
ym/mbed-drivers/source/mbed-drivers.a(FilePath.cpp.o)
                              ym/mbed-drivers/source/mbed-drivers.a(retarget.cpp.o) (mbed::FilePath::FilePath(char const*))
ym/mbed-drivers/source/mbed-drivers.a(exit.c.o)
                              c:/progra~2/gnutoo~1/4636a~1.920/bin/../lib/gcc/arm-none-eabi/4.9.3/../../../../arm-none-eabi/lib/armv7e-m/crt0.o (exit)
ym/mbed-drivers/source/mbed-drivers.a(FileLike.cpp.o)
                              ym/mbed-drivers/source/mbed-drivers.a(Stream.cpp.o) (mbed::FileLike::FileLike(char const*))
ym/mbed-drivers/source/mbed-drivers.a(FileSystemLike.cpp.o)
                              ym/mbed-drivers/source/mbed-drivers.a(retarget.cpp.o) (mbed::FileSystemLike::opendir())
ym/mbed-drivers/source/mbed-drivers.a(FileBase.cpp.o)
                              ym/mbed-drivers/source/mbed-drivers.a(FileLike.cpp.o) (mbed::FileBase::~FileBase())
ym/mbed-drivers/source/mbed-drivers.a(board.c.o)
                              ym/mbed-drivers/source/mbed-drivers.a(exit.c.o) (mbed_die)
source/htu21d.a(htu21d.cpp.o)
                              test/CMakeFiles/htu21d-test-test.dir/C_/Users/andwat01/Documents/htu21d/test/test.cpp.o (htu21d::htu21d(PinName, PinName))
ym/mbed-drivers/source/mbed-drivers.a(I2C.cpp.o)
                              source/htu21d.a(htu21d.cpp.o) (mbed::I2C::I2C(PinName, PinName))
ym/minar/source/minar.a(minar.cpp.o)
                              test/CMakeFiles/htu21d-test-test.dir/C_/Users/andwat01/Documents/htu21d/test/test.cpp.o (minar::Scheduler::CallbackAdder::period(unsigned long))
ym/core-util/source/core-util.a(core-util_mbed_os.c.o)
                              ym/minar/source/minar.a(minar.cpp.o) (core_util_runtime_error_internal)
ym/core-util/source/core-util.a(PoolAllocator.cpp.o)
                              ym/minar/source/minar.a(minar.cpp.o) (mbed::util::PoolAllocator::align_up(unsigned long, unsigned long))
ym/core-util/source/core-util.a(ExtendablePoolAllocator.cpp.o)
                              ym/minar/source/minar.a(minar.cpp.o) (mbed::util::ExtendablePoolAllocator::ExtendablePoolAllocator())
ym/mbed-hal-ksdk-mcu/source/mbed-hal-ksdk-mcu.a(serial_api.c.o)
                              ym/mbed-drivers/source/mbed-drivers.a(retarget.cpp.o) (serial_init)
ym/mbed-hal-ksdk-mcu/source/mbed-hal-ksdk-mcu.a(gpio_api.c.o)
                              ym/mbed-drivers/source/mbed-drivers.a(gpio.c.o) (gpio_init)
ym/mbed-hal-ksdk-mcu/source/mbed-hal-ksdk-mcu.a(fsl_uart_hal.c.o)
                              ym/mbed-hal-ksdk-mcu/source/mbed-hal-ksdk-mcu.a(serial_api.c.o) (UART_HAL_Init)
ym/mbed-hal-ksdk-mcu/source/mbed-hal-ksdk-mcu.a(pinmap.c.o)
                              ym/mbed-hal-ksdk-mcu/source/mbed-hal-ksdk-mcu.a(gpio_api.c.o) (pin_function)
ym/mbed-hal-ksdk-mcu/source/mbed-hal-ksdk-mcu.a(us_ticker.c.o)
                              ym/mbed-drivers/source/mbed-drivers.a(wait_api.c.o) (us_ticker_read)
ym/mbed-hal-ksdk-mcu/source/mbed-hal-ksdk-mcu.a(fsl_clock_manager.c.o)
                              ym/mbed-hal-ksdk-mcu/source/mbed-hal-ksdk-mcu.a(us_ticker.c.o) (CLOCK_SYS_GetFreq)
ym/mbed-hal-ksdk-mcu/source/mbed-hal-ksdk-mcu.a(fsl_gpio_hal.c.o)
                              ym/mbed-hal-ksdk-mcu/source/mbed-hal-ksdk-mcu.a(gpio_api.c.o) (GPIO_HAL_SetPinDir)
ym/mbed-hal-ksdk-mcu/source/mbed-hal-ksdk-mcu.a(i2c_api.c.o)
                              ym/mbed-drivers/source/mbed-drivers.a(I2C.cpp.o) (i2c_start)
ym/mbed-hal-ksdk-mcu/source/mbed-hal-ksdk-mcu.a(fsl_sim_hal.c.o)
                              ym/mbed-hal-ksdk-mcu/source/mbed-hal-ksdk-mcu.a(fsl_clock_manager.c.o) (CLOCK_HAL_SetSource)
ym/mbed-hal-ksdk-mcu/source/mbed-hal-ksdk-mcu.a(fsl_mcg_hal.c.o)
[...]
Memory Configuration

Name             Origin             Length             Attributes
VECTORS          0x00000000         0x00000400         xr
FLASH_PROTECTION 0x00000400         0x00000010         xr
FLASH            0x00000410         0x000ffbf0         xr
RAM              0x1fff0200         0x0003fe00         xrw
*default*        0x00000000         0xffffffff

Linker script and memory map

LOAD c:/progra~2/gnutoo~1/4636a~1.920/bin/../lib/gcc/arm-none-eabi/4.9.3/armv7e-m/crti.o
LOAD c:/progra~2/gnutoo~1/4636a~1.920/bin/../lib/gcc/arm-none-eabi/4.9.3/armv7e-m/crtbegin.o
LOAD c:/progra~2/gnutoo~1/4636a~1.920/bin/../lib/gcc/arm-none-eabi/4.9.3/../../../../arm-none-eabi/lib/armv7e-m/crt0.o
START GROUP
LOAD test/CMakeFiles/htu21d-test-test.dir/C_/Users/andwat01/Documents/htu21d/test/test.cpp.o
LOAD ym/mbed-drivers/source/mbed-drivers.a
LOAD source/htu21d.a
LOAD ym/mbed-drivers/source/mbed-drivers.a
LOAD ym/mbed-hal/source/mbed-hal.a
LOAD ym/minar/source/minar.a
LOAD ym/core-util/source/core-util.a
LOAD ym/mbed-hal-freescale/yotta_dummy_lib_mbed_hal_freescale/mbed-hal-freescale.a
LOAD ym/minar-platform/yotta_dummy_lib_minar_platform/minar-platform.a
LOAD ym/mbed-hal-ksdk-mcu/source/mbed-hal-ksdk-mcu.a
LOAD ym/minar-platform-mbed/source/minar-platform-mbed.a
LOAD ym/mbed-hal-k64f/source/mbed-hal-k64f.a
LOAD ym/mbed-hal-frdm-k64f/source/mbed-hal-frdm-k64f.a
LOAD ym/mbed-drivers/source/mbed-drivers.a
LOAD ym/mbed-hal/source/mbed-hal.a
LOAD ym/minar/source/minar.a
LOAD ym/core-util/source/core-util.a
LOAD ym/mbed-hal-freescale/yotta_dummy_lib_mbed_hal_freescale/mbed-hal-freescale.a
LOAD ym/minar-platform/yotta_dummy_lib_minar_platform/minar-platform.a
LOAD ym/mbed-hal-ksdk-mcu/source/mbed-hal-ksdk-mcu.a
LOAD ym/minar-platform-mbed/source/minar-platform-mbed.a
LOAD ym/mbed-hal-k64f/source/mbed-hal-k64f.a
LOAD ym/mbed-hal-frdm-k64f/source/mbed-hal-frdm-k64f.a
LOAD ym/compiler-polyfill/yotta_dummy_lib_compiler_polyfill/compiler-polyfill.a
LOAD ym/ualloc/source/ualloc.a
LOAD ym/dlmalloc/source/dlmalloc.a
LOAD ym/cmsis-core/source/cmsis-core.a
LOAD ym/cmsis-core-freescale/yotta_dummy_lib_cmsis_core_freescale/cmsis-core-freescale.a
LOAD ym/cmsis-core-k64f/source/cmsis-core-k64f.a
LOAD ym/cmsis-core/source/cmsis-core.a
LOAD ym/cmsis-core-freescale/yotta_dummy_lib_cmsis_core_freescale/cmsis-core-freescale.a
LOAD ym/cmsis-core-k64f/source/cmsis-core-k64f.a
LOAD ym/uvisor-lib/source/uvisor-lib.a
LOAD c:/progra~2/gnutoo~1/4636a~1.920/bin/../lib/gcc/arm-none-eabi/4.9.3/../../../../arm-none-eabi/lib/armv7e-m\libstdc++_nano.a
LOAD c:/progra~2/gnutoo~1/4636a~1.920/bin/../lib/gcc/arm-none-eabi/4.9.3/../../../../arm-none-eabi/lib/armv7e-m\libsupc++_nano.a
LOAD c:/progra~2/gnutoo~1/4636a~1.920/bin/../lib/gcc/arm-none-eabi/4.9.3/armv7e-m\libgcc.a
LOAD c:/progra~2/gnutoo~1/4636a~1.920/bin/../lib/gcc/arm-none-eabi/4.9.3/../../../../arm-none-eabi/lib/armv7e-m\libstdc++_nano.a
LOAD c:/progra~2/gnutoo~1/4636a~1.920/bin/../lib/gcc/arm-none-eabi/4.9.3/../../../../arm-none-eabi/lib/armv7e-m\libsupc++_nano.a
LOAD c:/progra~2/gnutoo~1/4636a~1.920/bin/../lib/gcc/arm-none-eabi/4.9.3/../../../../arm-none-eabi/lib/armv7e-m\libm.a
LOAD c:/progra~2/gnutoo~1/4636a~1.920/bin/../lib/gcc/arm-none-eabi/4.9.3/../../../../arm-none-eabi/lib/armv7e-m\libc_nano.a
LOAD c:/progra~2/gnutoo~1/4636a~1.920/bin/../lib/gcc/arm-none-eabi/4.9.3/armv7e-m\libgcc.a
END GROUP
LOAD c:/progra~2/gnutoo~1/4636a~1.920/bin/../lib/gcc/arm-none-eabi/4.9.3/../../../../arm-none-eabi/lib/armv7e-m\libstdc++_nano.a
LOAD c:/progra~2/gnutoo~1/4636a~1.920/bin/../lib/gcc/arm-none-eabi/4.9.3/../../../../arm-none-eabi/lib/armv7e-m\libm.a
LOAD c:/progra~2/gnutoo~1/4636a~1.920/bin/../lib/gcc/arm-none-eabi/4.9.3/../../../../arm-none-eabi/lib/armv7e-m\libc_nano.a
START GROUP
LOAD c:/progra~2/gnutoo~1/4636a~1.920/bin/../lib/gcc/arm-none-eabi/4.9.3/armv7e-m\libgcc.a
LOAD c:/progra~2/gnutoo~1/4636a~1.920/bin/../lib/gcc/arm-none-eabi/4.9.3/../../../../arm-none-eabi/lib/armv7e-m\libc_nano.a
END GROUP
START GROUP
LOAD c:/progra~2/gnutoo~1/4636a~1.920/bin/../lib/gcc/arm-none-eabi/4.9.3/armv7e-m\libgcc.a
LOAD c:/progra~2/gnutoo~1/4636a~1.920/bin/../lib/gcc/arm-none-eabi/4.9.3/../../../../arm-none-eabi/lib/armv7e-m\libc_nano.a
END GROUP
LOAD c:/progra~2/gnutoo~1/4636a~1.920/bin/../lib/gcc/arm-none-eabi/4.9.3/armv7e-m/crtend.o
LOAD c:/progra~2/gnutoo~1/4636a~1.920/bin/../lib/gcc/arm-none-eabi/4.9.3/armv7e-m/crtn.o

.isr_vector     0x00000000      0x198
                0x00000000                __vector_table = .
 *(SORT(.vector_table))
 .vector_table  0x00000000      0x198 ym/mbed-hal-k64f/source/mbed-hal-k64f.a(startup_MK64F12.S.obj)
                0x00000000                __isr_vector
                0x00000198                . = ALIGN (0x4)

.flash_protect  0x00000400       0x10
 *(SORT(.kinetis_flash_config_field))
 .kinetis_flash_config_field
                0x00000400       0x10 ym/mbed-hal-k64f/source/mbed-hal-k64f.a(startup_MK64F12.S.obj)
                0x00000410                . = ALIGN (0x4)

.uvisor.bss     0x1fff0200     0x2000
                0x1fff0200                . = ALIGN (0x20)
                0x1fff0200                __uvisor_bss_start = .
                0x1fff0200                . = ALIGN (0x20)
                0x1fff0200                __uvisor_bss_main_start = .
 *(SORT(.keep.uvisor.bss.main))
 .keep.uvisor.bss.main
                0x1fff0200     0x2000 ym/uvisor-lib/source/uvisor-lib.a(uvisor.o)
                0x1fff2200                . = ALIGN (0x20)
                0x1fff2200                __uvisor_bss_main_end = .
                0x1fff2200                . = ALIGN (0x20)
                0x1fff2200                __uvisor_bss_boxes_start = .
 *(SORT(.keep.uvisor.bss.boxes))
                0x1fff2200                . = ALIGN (0x20)
                0x1fff2200                __uvisor_bss_boxes_end = .
                0x1fff2200                . = ALIGN (0x20)
                0x1fff2200                __uvisor_bss_end = .

.text           0x00000410     0xa03c
                0x00000410                . = ALIGN (0x4)
                0x00000410                __uvisor_main_start = .
 *(SORT(.uvisor.main))
 .uvisor.main   0x00000410     0x1614 ym/uvisor-lib/source/uvisor-lib.a(uvisor.o)
                0x00000410                uvisor_init
                0x000019d8                uvisor_config
                0x00001a20                __uvisor_mode
                0x00001a24                __uvisor_main_end = .
 *(SORT(.text*))
 *fill*         0x00001a24        0x4 
 .text._ZN6htu21d7getTempEv
                0x00001a28       0x58 source/htu21d.a(htu21d.cpp.o)
                0x00001a28                htu21d::getTemp()
 .text          0x00001a80       0x5c c:/progra~2/gnutoo~1/4636a~1.920/bin/../lib/gcc/arm-none-eabi/4.9.3/armv7e-m/crtbegin.o
 .text          0x00001adc       0x74 c:/progra~2/gnutoo~1/4636a~1.920/bin/../lib/gcc/arm-none-eabi/4.9.3/../../../../arm-none-eabi/lib/armv7e-m/crt0.o
                0x00001adc                _start
                0x00001adc                _mainCRTStartup
 .text._ZN4mbed10SerialBaseD2Ev
                0x00001b50       0x28 test/CMakeFiles/htu21d-test-test.dir/C_/Users/andwat01/Documents/htu21d/test/test.cpp.o
                0x00001b50                mbed::SerialBase::~SerialBase()
                0x00001b50                mbed::SerialBase::~SerialBase()
 .text._ZN4mbed4util19FunctionPointerBindIvED2Ev
                0x00001b78       0x18 test/CMakeFiles/htu21d-test-test.dir/C_/Users/andwat01/Documents/htu21d/test/test.cpp.o
                0x00001b78                mbed::util::FunctionPointerBind<void>::~FunctionPointerBind()
                0x00001b78                mbed::util::FunctionPointerBind<void>::~FunctionPointerBind()
 .text._ZN4mbed6SerialD2Ev
                0x00001b90       0x2c test/CMakeFiles/htu21d-test-test.dir/C_/Users/andwat01/Documents/htu21d/test/test.cpp.o
                0x00001b90                mbed::Serial::~Serial()
                0x00001b90                mbed::Serial::~Serial()
 .text._ZN4mbed4util19FunctionPointerBindIvE5clearEv
                0x00001bbc       0x24 test/CMakeFiles/htu21d-test-test.dir/C_/Users/andwat01/Documents/htu21d/test/test.cpp.o
                0x00001bbc                mbed::util::FunctionPointerBind<void>::clear()
 .text._ZL6blinkyv
                0x00001be0      0x108 test/CMakeFiles/htu21d-test-test.dir/C_/Users/andwat01/Documents/htu21d/test/test.cpp.o
 .text._ZN4mbed4util19FunctionPointerBindIvE4bindINS0_16FunctionPointer0IvE10arg_structEEERS2_PKNS0_19FunctionPointerBaseIvE6ArgOpsEPT_PS9_z
                0x00001ce8       0x64 test/CMakeFiles/htu21d-test-test.dir/C_/Users/andwat01/Documents/htu21d/test/test.cpp.o
                0x00001ce8                mbed::util::FunctionPointerBind<void>& mbed::util::FunctionPointerBind<void>::bind<mbed::util::FunctionPointer0<void>::arg_struct>(mbed::util::FunctionPointerBase<void>::ArgOps const*, mbed::util::FunctionPointer0<void>::arg_struct*, mbed::util::FunctionPointerBase<void>*, ...)
 .text.app_start
                0x00001d4c       0x7c test/CMakeFiles/htu21d-test-test.dir/C_/Users/andwat01/Documents/htu21d/test/test.cpp.o
                0x00001d4c                app_start
 .text._ZN4mbed6SerialC2E7PinNameS1_PKc
                0x00001dc8       0x34 ym/mbed-drivers/source/mbed-drivers.a(Serial.cpp.o)
                0x00001dc8                mbed::Serial::Serial(PinName, PinName, char const*)
                0x00001dc8                mbed::Serial::Serial(PinName, PinName, char const*)
 .text.gpio_write
                0x00001dfc       0x34 ym/mbed-drivers/source/mbed-drivers.a(gpio.c.o)
 .text._ZL11init_serialv
                0x00001e30       0x20 ym/mbed-drivers/source/mbed-drivers.a(retarget.cpp.o)
 .text._ZN4mbed10FileHandleD2Ev
                0x00001e50       0x28 ym/mbed-drivers/source/mbed-drivers.a(retarget.cpp.o)
                0x00001e50                mbed::FileHandle::~FileHandle()
                0x00001e50                mbed::FileHandle::~FileHandle()
 .text._open    0x00001e78       0xd0 ym/mbed-drivers/source/mbed-drivers.a(retarget.cpp.o)
                0x00001e78                _open
 .text._close   0x00001f48       0x2c ym/mbed-drivers/source/mbed-drivers.a(retarget.cpp.o)
                0x00001f48                _close
 .text._write   0x00001f74       0x50 ym/mbed-drivers/source/mbed-drivers.a(retarget.cpp.o)
                0x00001f74                _write
 .text._read    0x00001fc4       0x44 ym/mbed-drivers/source/mbed-drivers.a(retarget.cpp.o)
                0x00001fc4                _read
 .text._isatty  0x00002008       0x24 ym/mbed-drivers/source/mbed-drivers.a(retarget.cpp.o)
                0x00002008                _isatty
 .text._lseek   0x0000202c       0x24 ym/mbed-drivers/source/mbed-drivers.a(retarget.cpp.o)
                0x0000202c                _lseek
 .text._ZN4mbed4util19FunctionPointerBindIvE4bindINS0_16FunctionPointer2IviPPcE10arg_structEEERS2_PKNS0_19FunctionPointerBaseIvE6ArgOpsEPT_PSB_z
                0x00002050       0x64 ym/mbed-drivers/source/mbed-drivers.a(retarget.cpp.o)
                0x00002050                mbed::util::FunctionPointerBind<void>& mbed::util::FunctionPointerBind<void>::bind<mbed::util::FunctionPointer2<void, int, char**>::arg_struct>(mbed::util::FunctionPointerBase<void>::ArgOps const*, mbed::util::FunctionPointer2<void, int, char**>::arg_struct*, mbed::util::FunctionPointerBase<void>*, ...)
 .text.startup.main
                0x000020b4       0x84 ym/mbed-drivers/source/mbed-drivers.a(retarget.cpp.o)
                0x000020b4                main
 .text.error    0x00002138       0x20 ym/mbed-drivers/source/mbed-drivers.a(error.c.o)
                0x00002138                error
 .text._ZN4mbed4util19FunctionPointerBaseIvEC2Ev
                0x00002158       0x20 ym/mbed-drivers/source/mbed-drivers.a(SerialBase.cpp.o)
                0x00002158                mbed::util::FunctionPointerBase<void>::FunctionPointerBase()
                0x00002158                mbed::util::FunctionPointerBase<void>::FunctionPointerBase()
 .text._ZN4mbed10SerialBaseC2E7PinNameS1_
                0x00002178       0xec ym/mbed-drivers/source/mbed-drivers.a(SerialBase.cpp.o)
                0x00002178                mbed::SerialBase::SerialBase(PinName, PinName)
                0x00002178                mbed::SerialBase::SerialBase(PinName, PinName)
 .text._ZN4mbed6StreamC2EPKc
                0x00002264       0x48 ym/mbed-drivers/source/mbed-drivers.a(Stream.cpp.o)
                0x00002264                mbed::Stream::Stream(char const*)
                0x00002264                mbed::Stream::Stream(char const*)
 .text._ZN4mbed6StreamD2Ev
                0x000022ac       0x24 ym/mbed-drivers/source/mbed-drivers.a(Stream.cpp.o)
                0x000022ac                mbed::Stream::~Stream()
                0x000022ac                mbed::Stream::~Stream()
 .text.exit     0x000022d0       0x24 ym/mbed-drivers/source/mbed-drivers.a(exit.c.o)
                0x000022d0                exit
 .text._ZN4mbed8FileLikeC2EPKc
                0x000022f4       0x28 ym/mbed-drivers/source/mbed-drivers.a(FileLike.cpp.o)
                0x000022f4                mbed::FileLike::FileLike(char const*)
                0x000022f4                mbed::FileLike::FileLike(char const*)
 .text._ZN4mbed8FileLikeD2Ev
                0x0000231c       0x24 ym/mbed-drivers/source/mbed-drivers.a(FileLike.cpp.o)
                0x0000231c                mbed::FileLike::~FileLike()
                0x0000231c                mbed::FileLike::~FileLike()
 .text._ZN4mbed8FileBaseD2Ev
                0x00002340       0x30 ym/mbed-drivers/source/mbed-drivers.a(FileBase.cpp.o)
                0x00002340                mbed::FileBase::~FileBase()
                0x00002340                mbed::FileBase::~FileBase()
 .text._ZN4mbed8FileBaseC2EPKcNS_8PathTypeE
                0x00002370       0x20 ym/mbed-drivers/source/mbed-drivers.a(FileBase.cpp.o)
                0x00002370                mbed::FileBase::FileBase(char const*, mbed::PathType)
                0x00002370                mbed::FileBase::FileBase(char const*, mbed::PathType)
 .text._ZN4mbed8FileBase6lookupEPKcj
                0x00002390       0x34 ym/mbed-drivers/source/mbed-drivers.a(FileBase.cpp.o)
                0x00002390                mbed::FileBase::lookup(char const*, unsigned int)
 .text.gpio_write
                0x000023c4       0x34 ym/mbed-drivers/source/mbed-drivers.a(board.c.o)
 .text._ZN6htu21dC2E7PinNameS0_
                0x000023f8       0x2c source/htu21d.a(htu21d.cpp.o)
                0x000023f8                htu21d::htu21d(PinName, PinName)
                0x000023f8                htu21d::htu21d(PinName, PinName)
 .text._ZN6htu21d6getHumEv
                0x00002424       0x48 source/htu21d.a(htu21d.cpp.o)
                0x00002424                htu21d::getHum()
 .text._ZN4mbed3I2CC2E7PinNameS1_
                0x0000246c       0x98 ym/mbed-drivers/source/mbed-drivers.a(I2C.cpp.o)
                0x0000246c                mbed::I2C::I2C(PinName, PinName)
                0x0000246c                mbed::I2C::I2C(PinName, PinName)
 .text._ZN4mbed3I2C9frequencyEi
                0x00002504       0x18 ym/mbed-drivers/source/mbed-drivers.a(I2C.cpp.o)
                0x00002504                mbed::I2C::frequency(int)
 .text._ZN5minar12CallbackNode13get_allocatorEv
                0x0000251c       0x48 ym/minar/source/minar.a(minar.cpp.o)
                0x0000251c                minar::CallbackNode::get_allocator()
 .text._ZN4mbed4util19FunctionPointerBindIvEC2ERKS2_
                0x00002564       0x58 ym/minar/source/minar.a(minar.cpp.o)
                0x00002564                mbed::util::FunctionPointerBind<void>::FunctionPointerBind(mbed::util::FunctionPointerBind<void> const&)
                0x00002564                mbed::util::FunctionPointerBind<void>::FunctionPointerBind(mbed::util::FunctionPointerBind<void> const&)
 .text._ZNK4mbed4util10BinaryHeapIPN5minar12CallbackNodeENS2_13SchedulerData19CallbackNodeCompareEE8get_rootEv
                0x000025bc       0x28 ym/minar/source/minar.a(minar.cpp.o)
                0x000025bc                mbed::util::BinaryHeap<minar::CallbackNode*, minar::SchedulerData::CallbackNodeCompare>::get_root() const
 .text._ZN5minar13SchedulerDataC2Ev
                0x000025e4       0x60 ym/minar/source/minar.a(minar.cpp.o)
                0x000025e4                minar::SchedulerData::SchedulerData()
                0x000025e4                minar::SchedulerData::SchedulerData()
 .text._ZN5minar9Scheduler8instanceEv
                0x00002644       0x34 ym/minar/source/minar.a(minar.cpp.o)
                0x00002644                minar::Scheduler::instance()
 .text._ZN5minar9Scheduler12postCallbackERKN4mbed4util19FunctionPointerBindIvEE
                0x00002678       0x34 ym/minar/source/minar.a(minar.cpp.o)
                0x00002678                minar::Scheduler::postCallback(mbed::util::FunctionPointerBind<void> const&)
 .text._ZN5minar13SchedulerData5startEv
                0x000026ac      0x18c ym/minar/source/minar.a(minar.cpp.o)
                0x000026ac                minar::SchedulerData::start()
 .text._ZN5minar9Scheduler5startEv
                0x00002838       0x18 ym/minar/source/minar.a(minar.cpp.o)
                0x00002838                minar::Scheduler::start()
 .text._ZN5minar13SchedulerData11postGenericEN4mbed4util19FunctionPointerBindIvEEmmm
                0x00002850       0x5c ym/minar/source/minar.a(minar.cpp.o)
                0x00002850                minar::SchedulerData::postGeneric(mbed::util::FunctionPointerBind<void>, unsigned long, unsigned long, unsigned long)
 .text.core_util_runtime_error_internal
                0x000028ac       0x38 ym/core-util/source/core-util.a(core-util_mbed_os.c.o)
                0x000028ac                core_util_runtime_error_internal
 .text.uart_irq
                0x000028e4       0x38 ym/mbed-hal-ksdk-mcu/source/mbed-hal-ksdk-mcu.a(serial_api.c.o)
 .text.uart1_irq
                0x0000291c       0x34 ym/mbed-hal-ksdk-mcu/source/mbed-hal-ksdk-mcu.a(serial_api.c.o)
                0x0000291c                uart1_irq
 .text.uart2_irq
                0x00002950       0x34 ym/mbed-hal-ksdk-mcu/source/mbed-hal-ksdk-mcu.a(serial_api.c.o)
                0x00002950                uart2_irq
 .text.uart3_irq
                0x00002984       0x34 ym/mbed-hal-ksdk-mcu/source/mbed-hal-ksdk-mcu.a(serial_api.c.o)
                0x00002984                uart3_irq
 .text.uart4_irq
                0x000029b8       0x34 ym/mbed-hal-ksdk-mcu/source/mbed-hal-ksdk-mcu.a(serial_api.c.o)
                0x000029b8                uart4_irq
 .text.uart0_irq
                0x000029ec       0x48 ym/mbed-hal-ksdk-mcu/source/mbed-hal-ksdk-mcu.a(serial_api.c.o)
                0x000029ec                uart0_irq
 .text.serial_init
                0x00002a34      0x190 ym/mbed-hal-ksdk-mcu/source/mbed-hal-ksdk-mcu.a(serial_api.c.o)
                0x00002a34                serial_init
 .text.serial_irq_handler
                0x00002bc4       0x18 ym/mbed-hal-ksdk-mcu/source/mbed-hal-ksdk-mcu.a(serial_api.c.o)
                0x00002bc4                serial_irq_handler
 .text.gpio_init
                0x00002bdc       0x68 ym/mbed-hal-ksdk-mcu/source/mbed-hal-ksdk-mcu.a(gpio_api.c.o)
                0x00002bdc                gpio_init
 .text.gpio_dir
                0x00002c44       0x44 ym/mbed-hal-ksdk-mcu/source/mbed-hal-ksdk-mcu.a(gpio_api.c.o)
                0x00002c44                gpio_dir
 .text.pin_function
                0x00002c88       0x6c ym/mbed-hal-ksdk-mcu/source/mbed-hal-ksdk-mcu.a(pinmap.c.o)
                0x00002c88                pin_function
 .text.pin_mode
                0x00002cf4       0x80 ym/mbed-hal-ksdk-mcu/source/mbed-hal-ksdk-mcu.a(pinmap.c.o)
                0x00002cf4                pin_mode
 .text.PIT_HAL_StartTimer.constprop.5
                0x00002d74       0x1c ym/mbed-hal-ksdk-mcu/source/mbed-hal-ksdk-mcu.a(us_ticker.c.o)
 .text.PIT_HAL_SetTimerPeriodByCount.constprop.7
                0x00002d90       0x18 ym/mbed-hal-ksdk-mcu/source/mbed-hal-ksdk-mcu.a(us_ticker.c.o)
 .text.us_ticker_init
                0x00002da8       0xb4 ym/mbed-hal-ksdk-mcu/source/mbed-hal-ksdk-mcu.a(us_ticker.c.o)
                0x00002da8                us_ticker_init
 .text.us_ticker_read
                0x00002e5c       0x28 ym/mbed-hal-ksdk-mcu/source/mbed-hal-ksdk-mcu.a(us_ticker.c.o)
                0x00002e5c                us_ticker_read
 .text.us_ticker_disable_interrupt
                0x00002e84       0x18 ym/mbed-hal-ksdk-mcu/source/mbed-hal-ksdk-mcu.a(us_ticker.c.o)
                0x00002e84                us_ticker_disable_interrupt
 .text.us_ticker_clear_interrupt
                0x00002e9c       0x18 ym/mbed-hal-ksdk-mcu/source/mbed-hal-ksdk-mcu.a(us_ticker.c.o)
                0x00002e9c                us_ticker_clear_interrupt
 .text.us_ticker_set_interrupt
                0x00002eb4       0x60 ym/mbed-hal-ksdk-mcu/source/mbed-hal-ksdk-mcu.a(us_ticker.c.o)
                0x00002eb4                us_ticker_set_interrupt
 .text.CLOCK_SYS_GetFreq
                0x00002f14       0x90 ym/mbed-hal-ksdk-mcu/source/mbed-hal-ksdk-mcu.a(fsl_clock_manager.c.o)
                0x00002f14                CLOCK_SYS_GetFreq
 .text.CLOCK_SYS_GetSysClkFreq
                0x00002fa4       0x5c ym/mbed-hal-ksdk-mcu/source/mbed-hal-ksdk-mcu.a(fsl_clock_manager.c.o)
                0x00002fa4                CLOCK_SYS_GetSysClkFreq
 .text.timeout_status_poll.isra.0
                0x00003000       0x24 ym/mbed-hal-ksdk-mcu/source/mbed-hal-ksdk-mcu.a(i2c_api.c.o)
 .text.i2c_init
                0x00003024       0xe4 ym/mbed-hal-ksdk-mcu/source/mbed-hal-ksdk-mcu.a(i2c_api.c.o)
                0x00003024                i2c_init
 .text.CLOCK_HAL_SetSource
                0x00003108      0x10c ym/mbed-hal-ksdk-mcu/source/mbed-hal-ksdk-mcu.a(fsl_sim_hal.c.o)
                0x00003108                CLOCK_HAL_SetSource
 .text.CLOCK_HAL_GetDivider
                0x00003214       0xb8 ym/mbed-hal-ksdk-mcu/source/mbed-hal-ksdk-mcu.a(fsl_sim_hal.c.o)
                0x00003214                CLOCK_HAL_GetDivider
 .text.CLOCK_HAL_GetFllRefClk
                0x000032cc       0x8c ym/mbed-hal-ksdk-mcu/source/mbed-hal-ksdk-mcu.a(fsl_mcg_hal.c.o)
                0x000032cc                CLOCK_HAL_GetFllRefClk
 .text.CLOCK_HAL_GetPll0Clk
                0x00003358       0x58 ym/mbed-hal-ksdk-mcu/source/mbed-hal-ksdk-mcu.a(fsl_mcg_hal.c.o)
                0x00003358                CLOCK_HAL_GetPll0Clk
 .text.CLOCK_HAL_GetInternalRefClk
                0x000033b0       0x40 ym/mbed-hal-ksdk-mcu/source/mbed-hal-ksdk-mcu.a(fsl_mcg_hal.c.o)
                0x000033b0                CLOCK_HAL_GetInternalRefClk
 .text.CLOCK_HAL_GetOutClk
                0x000033f0       0x80 ym/mbed-hal-ksdk-mcu/source/mbed-hal-ksdk-mcu.a(fsl_mcg_hal.c.o)
                0x000033f0                CLOCK_HAL_GetOutClk
 .text.I2C_HAL_SetBaudRate
                0x00003470       0x90 ym/mbed-hal-ksdk-mcu/source/mbed-hal-ksdk-mcu.a(fsl_i2c_hal.c.o)
                0x00003470                I2C_HAL_SetBaudRate
 .text          0x00003500       0x14 ym/mbed-hal-k64f/source/mbed-hal-k64f.a(startup_MK64F12.S.obj)
                0x00003500                NMI_Handler
                0x00003502                HardFault_Handler
                0x00003504                MemManage_Handler
                0x00003506                BusFault_Handler
                0x00003508                UsageFault_Handler
                0x0000350a                SVC_Handler
                0x0000350c                DebugMon_Handler
                0x0000350e                PendSV_Handler
                0x00003510                SysTick_Handler
                0x00003512                I2C1_IRQHandler
                0x00003512                DMA2_IRQHandler
                0x00003512                ENET_Error_IRQHandler
                0x00003512                CAN0_Tx_Warning_IRQHandler
                0x00003512                PIT0_IRQHandler
                0x00003512                CAN0_ORed_Message_buffer_IRQHandler
                0x00003512                Watchdog_IRQHandler
                0x00003512                CMP2_IRQHandler
                0x00003512                ENET_Receive_IRQHandler
                0x00003512                ENET_1588_Timer_IRQHandler
                0x00003512                UART2_RX_TX_IRQHandler
                0x00003512                SWI_IRQHandler
                0x00003512                ADC0_IRQHandler
                0x00003512                UART0_RX_TX_IRQHandler
                0x00003512                I2S0_Tx_IRQHandler
                0x00003512                CMT_IRQHandler
                0x00003512                UART4_RX_TX_IRQHandler
                0x00003512                SPI1_IRQHandler
                0x00003512                DefaultISR
                0x00003512                DMA9_IRQHandler
                0x00003512                DMA14_IRQHandler
                0x00003512                CMP1_IRQHandler
                0x00003512                Reserved71_IRQHandler
                0x00003512                I2C0_IRQHandler
                0x00003512                PORTB_IRQHandler
                0x00003512                UART3_RX_TX_IRQHandler
                0x00003512                ADC1_IRQHandler
                0x00003512                I2C2_IRQHandler
                0x00003512                PIT2_IRQHandler
                0x00003512                I2S0_Rx_IRQHandler
                0x00003512                LPTimer_IRQHandler
                0x00003512                DMA5_IRQHandler
                0x00003512                RTC_IRQHandler
                0x00003512                PDB0_IRQHandler
                0x00003512                FTM1_IRQHandler
                0x00003512                UART5_RX_TX_IRQHandler
                0x00003512                UART3_ERR_IRQHandler
                0x00003512                PIT3_IRQHandler
                0x00003512                SDHC_IRQHandler
                0x00003512                RTC_Seconds_IRQHandler
                0x00003512                MCG_IRQHandler
                0x00003512                FTFE_IRQHandler
                0x00003512                UART2_ERR_IRQHandler
                0x00003512                DMA11_IRQHandler
                0x00003512                UART5_ERR_IRQHandler
                0x00003512                Read_Collision_IRQHandler
                0x00003512                Default_Handler
                0x00003512                DMA7_IRQHandler
                0x00003512                ENET_Transmit_IRQHandler
                0x00003512                USBDCD_IRQHandler
                0x00003512                USB0_IRQHandler
                0x00003512                LLW_IRQHandler
                0x00003512                SPI2_IRQHandler
                0x00003512                UART4_ERR_IRQHandler
                0x00003512                PORTD_IRQHandler
                0x00003512                DMA13_IRQHandler
                0x00003512                DMA3_IRQHandler
                0x00003512                UART0_LON_IRQHandler
                0x00003512                RNG_IRQHandler
                0x00003512                DMA0_IRQHandler
                0x00003512                DMA15_IRQHandler
                0x00003512                DAC0_IRQHandler
                0x00003512                CAN0_Error_IRQHandler
                0x00003512                DMA4_IRQHandler
                0x00003512                PIT1_IRQHandler
                0x00003512                UART0_ERR_IRQHandler
                0x00003512                DMA_Error_IRQHandler
                0x00003512                LVD_LVW_IRQHandler
                0x00003512                SPI0_IRQHandler
                0x00003512                FTM0_IRQHandler
                0x00003512                PORTA_IRQHandler
                0x00003512                DAC1_IRQHandler
                0x00003512                MCM_IRQHandler
                0x00003512                DMA12_IRQHandler
                0x00003512                CAN0_Bus_Off_IRQHandler
                0x00003512                FTM3_IRQHandler
                0x00003512                PORTE_IRQHandler
                0x00003512                FTM2_IRQHandler
                0x00003512                CAN0_Rx_Warning_IRQHandler
                0x00003512                DMA8_IRQHandler
                0x00003512                DMA10_IRQHandler
                0x00003512                CAN0_Wake_Up_IRQHandler
                0x00003512                UART1_ERR_IRQHandler
                0x00003512                UART1_RX_TX_IRQHandler
                0x00003512                CMP0_IRQHandler
                0x00003512                PORTC_IRQHandler
                0x00003512                DMA6_IRQHandler
                0x00003512                DMA1_IRQHandler
 .text.Reset_Handler
                0x00003514       0x60 ym/mbed-hal-k64f/source/mbed-hal-k64f.a(startup_MK64F12.S.obj)
                0x00003514                Reset_Handler
 .text.SIM_HAL_EnablePortClock
                0x00003574       0x50 ym/mbed-hal-k64f/source/mbed-hal-k64f.a(fsl_sim_hal_K64F12.c.o)
                0x00003574                SIM_HAL_EnablePortClock
 .text.SIM_HAL_EnablePitClock
                0x000035c4       0x1c ym/mbed-hal-k64f/source/mbed-hal-k64f.a(fsl_sim_hal_K64F12.c.o)
                0x000035c4                SIM_HAL_EnablePitClock
 .text.SIM_HAL_EnableLptimerClock
                0x000035e0       0x1c ym/mbed-hal-k64f/source/mbed-hal-k64f.a(fsl_sim_hal_K64F12.c.o)
                0x000035e0                SIM_HAL_EnableLptimerClock
 .text.SIM_HAL_EnableRtcClock
                0x000035fc       0x1c ym/mbed-hal-k64f/source/mbed-hal-k64f.a(fsl_sim_hal_K64F12.c.o)
                0x000035fc                SIM_HAL_EnableRtcClock
 .text.SIM_HAL_EnableI2cClock
                0x00003618       0x3c ym/mbed-hal-k64f/source/mbed-hal-k64f.a(fsl_sim_hal_K64F12.c.o)
                0x00003618                SIM_HAL_EnableI2cClock
 .text.SIM_HAL_EnableUartClock
                0x00003654       0x5c ym/mbed-hal-k64f/source/mbed-hal-k64f.a(fsl_sim_hal_K64F12.c.o)
                0x00003654                SIM_HAL_EnableUartClock
 .text.us_ticker_irq_handler
                0x000036b0        0xc ym/mbed-drivers/source/mbed-drivers.a(us_ticker_api.c.o)
                0x000036b0                us_ticker_irq_handler
 .text.pinmap_pinout
                0x000036bc       0x38 ym/mbed-drivers/source/mbed-drivers.a(pinmap_common.c.o)
                0x000036bc                pinmap_pinout
 .text.pinmap_merge
                0x000036f4       0x24 ym/mbed-drivers/source/mbed-drivers.a(pinmap_common.c.o)
                0x000036f4                pinmap_merge
 .text.pinmap_peripheral
                0x00003718       0x20 ym/mbed-drivers/source/mbed-drivers.a(pinmap_common.c.o)
                0x00003718                pinmap_peripheral
 .text.mbed_enter_sleep
                0x00003738       0x50 ym/mbed-hal-ksdk-mcu/source/mbed-hal-ksdk-mcu.a(sleep.c.o)
                0x00003738                mbed_enter_sleep
 .text.RTC_HAL_GetPrescaler.constprop.1
                0x00003788       0x18 ym/mbed-hal-ksdk-mcu/source/mbed-hal-ksdk-mcu.a(lp_ticker.c.o)
 .text.LPTMR_HAL_SetCompareValue.constprop.2
                0x000037a0       0x30 ym/mbed-hal-ksdk-mcu/source/mbed-hal-ksdk-mcu.a(lp_ticker.c.o)
 .text.lptmr_isr
                0x000037d0       0x18 ym/mbed-hal-ksdk-mcu/source/mbed-hal-ksdk-mcu.a(lp_ticker.c.o)
 .text.RTC_HAL_EnableCounter.constprop.11
                0x000037e8       0x18 ym/mbed-hal-ksdk-mcu/source/mbed-hal-ksdk-mcu.a(lp_ticker.c.o)
 .text.RTC_HAL_SetAlarmReg.constprop.12
                0x00003800       0x18 ym/mbed-hal-ksdk-mcu/source/mbed-hal-ksdk-mcu.a(lp_ticker.c.o)
 .text.RTC_HAL_SetAlarmIntCmd.constprop.14
                0x00003818       0x18 ym/mbed-hal-ksdk-mcu/source/mbed-hal-ksdk-mcu.a(lp_ticker.c.o)
 .text.rct_isr  0x00003830       0x38 ym/mbed-hal-ksdk-mcu/source/mbed-hal-ksdk-mcu.a(lp_ticker.c.o)
 .text.lp_ticker_init
                0x00003868      0x120 ym/mbed-hal-ksdk-mcu/source/mbed-hal-ksdk-mcu.a(lp_ticker.c.o)
                0x00003868                lp_ticker_init
 .text.lp_ticker_read
                0x00003988       0x3c ym/mbed-hal-ksdk-mcu/source/mbed-hal-ksdk-mcu.a(lp_ticker.c.o)
                0x00003988                lp_ticker_read
 .text.lp_ticker_get_compare_match
                0x000039c4        0xc ym/mbed-hal-ksdk-mcu/source/mbed-hal-ksdk-mcu.a(lp_ticker.c.o)
                0x000039c4                lp_ticker_get_compare_match
 .text.lp_ticker_set_interrupt
                0x000039d0       0x7c ym/mbed-hal-ksdk-mcu/source/mbed-hal-ksdk-mcu.a(lp_ticker.c.o)
                0x000039d0                lp_ticker_set_interrupt
 .text.lp_ticker_sleep_until
                0x00003a4c       0x38 ym/mbed-hal-ksdk-mcu/source/mbed-hal-ksdk-mcu.a(lp_ticker.c.o)
                0x00003a4c                lp_ticker_sleep_until
 .text.mbed_urealloc
                0x00003a84       0x24 ym/ualloc/source/ualloc.a(ualloc.c.o)
                0x00003a84                mbed_urealloc
 .text.mbed_ufree
                0x00003aa8       0x1c ym/ualloc/source/ualloc.a(ualloc.c.o)
                0x00003aa8                mbed_ufree
 .text.init_mparams
                0x00003ac4       0x40 ym/dlmalloc/source/dlmalloc.a(dlmalloc.c.o)
 .text.init_top.constprop.16
                0x00003b04       0x38 ym/dlmalloc/source/dlmalloc.a(dlmalloc.c.o)
 .text.dispose_chunk.constprop.17
                0x00003b3c      0x3e4 ym/dlmalloc/source/dlmalloc.a(dlmalloc.c.o)
 .text.try_realloc_chunk.isra.3.constprop.6
                0x00003f20      0x2cc ym/dlmalloc/source/dlmalloc.a(dlmalloc.c.o)
 .text.segment_holding.constprop.18
                0x000041ec       0x20 ym/dlmalloc/source/dlmalloc.a(dlmalloc.c.o)
 .text.dlmalloc
                0x0000420c      0xe2c ym/dlmalloc/source/dlmalloc.a(dlmalloc.c.o)
                0x0000420c                dlmalloc
 .text.dlfree   0x00005038      0x438 ym/dlmalloc/source/dlmalloc.a(dlmalloc.c.o)
                0x00005038                dlfree
 .text.SystemInit
                0x00005470      0x138 ym/cmsis-core-k64f/source/cmsis-core-k64f.a(system_MK64F12.c.o)
                0x00005470                SystemInit
 .text.vIRQ_SetVectorX
                0x000055a8       0x1c ym/uvisor-lib/source/uvisor-lib.a(interrupts.cpp.o)
                0x000055a8                vIRQ_SetVectorX
 .text.vIRQ_EnableIRQ
                0x000055c4       0x28 ym/uvisor-lib/source/uvisor-lib.a(interrupts.cpp.o)
                0x000055c4                vIRQ_EnableIRQ
 .text.vIRQ_ClearPendingIRQ
                0x000055ec       0x2c ym/uvisor-lib/source/uvisor-lib.a(interrupts.cpp.o)
                0x000055ec                vIRQ_ClearPendingIRQ
 .text._ZSt15get_new_handlerv
                0x00005618       0x10 c:/progra~2/gnutoo~1/4636a~1.920/bin/../lib/gcc/arm-none-eabi/4.9.3/../../../../arm-none-eabi/lib/armv7e-m\libstdc++_nano.a(new_handler.o)
                0x00005618                std::get_new_handler()
 .text          0x00005628      0x370 c:/progra~2/gnutoo~1/4636a~1.920/bin/../lib/gcc/arm-none-eabi/4.9.3/armv7e-m\libgcc.a(_arm_addsubdf3.o)
                0x00005628                __aeabi_drsub
                0x00005630                __aeabi_dsub
                0x00005630                __subdf3
                0x00005634                __aeabi_dadd
                0x00005634                __adddf3
                0x000058ac                __floatunsidf
                0x000058ac                __aeabi_ui2d
                0x000058cc                __floatsidf
                0x000058cc                __aeabi_i2d
                0x000058f0                __aeabi_f2d
                0x000058f0                __extendsfdf2
                0x0000592c                __floatundidf
                0x0000592c                __aeabi_ul2d
                0x0000593c                __floatdidf
                0x0000593c                __aeabi_l2d
 .text          0x00005998      0x424 c:/progra~2/gnutoo~1/4636a~1.920/bin/../lib/gcc/arm-none-eabi/4.9.3/armv7e-m\libgcc.a(_arm_muldivdf3.o)
                0x00005998                __aeabi_dmul
                0x00005998                __muldf3
                0x00005bec                __divdf3
                0x00005bec                __aeabi_ddiv
 .text          0x00005dbc       0xa0 c:/progra~2/gnutoo~1/4636a~1.920/bin/../lib/gcc/arm-none-eabi/4.9.3/armv7e-m\libgcc.a(_arm_truncdfsf2.o)
                0x00005dbc                __truncdfsf2
                0x00005dbc                __aeabi_d2f
 .text          0x00005e5c       0x4c c:/progra~2/gnutoo~1/4636a~1.920/bin/../lib/gcc/arm-none-eabi/4.9.3/armv7e-m\libgcc.a(_arm_fixsfsi.o)
                0x00005e5c                __aeabi_f2iz
                0x00005e5c                __fixsfsi
 .text          0x00005ea8       0x30 c:/progra~2/gnutoo~1/4636a~1.920/bin/../lib/gcc/arm-none-eabi/4.9.3/armv7e-m\libgcc.a(_aeabi_uldivmod.o)
                0x00005ea8                __aeabi_uldivmod
 .text          0x00005ed8       0x60 c:/progra~2/gnutoo~1/4636a~1.920/bin/../lib/gcc/arm-none-eabi/4.9.3/armv7e-m\libgcc.a(bpabi.o)
                0x00005ed8                __gnu_ldivmod_helper
                0x00005f08                __gnu_uldivmod_helper
 .text          0x00005f38        0x4 c:/progra~2/gnutoo~1/4636a~1.920/bin/../lib/gcc/arm-none-eabi/4.9.3/armv7e-m\libgcc.a(_dvmd_tls.o)
                0x00005f38                __aeabi_idiv0
                0x00005f38                __aeabi_ldiv0
 .text          0x00005f3c      0x29c c:/progra~2/gnutoo~1/4636a~1.920/bin/../lib/gcc/arm-none-eabi/4.9.3/armv7e-m\libgcc.a(_divdi3.o)
                0x00005f3c                __divdi3
 .text          0x000061d8      0x26c c:/progra~2/gnutoo~1/4636a~1.920/bin/../lib/gcc/arm-none-eabi/4.9.3/armv7e-m\libgcc.a(_udivdi3.o)
                0x000061d8                __udivdi3
 .text.__cxa_atexit
                0x00006444       0x1c c:/progra~2/gnutoo~1/4636a~1.920/bin/../lib/gcc/arm-none-eabi/4.9.3/../../../../arm-none-eabi/lib/armv7e-m\libc_nano.a(lib_a-cxa_atexit.o)
                0x00006444                __cxa_atexit
 .text.__errno  0x00006460        0xc c:/progra~2/gnutoo~1/4636a~1.920/bin/../lib/gcc/arm-none-eabi/4.9.3/../../../../arm-none-eabi/lib/armv7e-m\libc_nano.a(lib_a-errno.o)
                0x00006460                __errno
 .text._fclose_r
                0x0000646c       0xa4 c:/progra~2/gnutoo~1/4636a~1.920/bin/../lib/gcc/arm-none-eabi/4.9.3/../../../../arm-none-eabi/lib/armv7e-m\libc_nano.a(lib_a-fclose.o)
                0x0000646c                _fclose_r
 .text.fclose   0x00006510       0x10 c:/progra~2/gnutoo~1/4636a~1.920/bin/../lib/gcc/arm-none-eabi/4.9.3/../../../../arm-none-eabi/lib/armv7e-m\libc_nano.a(lib_a-fclose.o)
                0x00006510                fclose
 .text._fflush_r
                0x00006520       0x54 c:/progra~2/gnutoo~1/4636a~1.920/bin/../lib/gcc/arm-none-eabi/4.9.3/../../../../arm-none-eabi/lib/armv7e-m\libc_nano.a(lib_a-fflush.o)
                0x00006520                _fflush_r
 .text.fflush   0x00006574       0x24 c:/progra~2/gnutoo~1/4636a~1.920/bin/../lib/gcc/arm-none-eabi/4.9.3/../../../../arm-none-eabi/lib/armv7e-m\libc_nano.a(lib_a-fflush.o)
                0x00006574                fflush
 .text._cleanup_r
                0x00006598        0xc c:/progra~2/gnutoo~1/4636a~1.920/bin/../lib/gcc/arm-none-eabi/4.9.3/../../../../arm-none-eabi/lib/armv7e-m\libc_nano.a(lib_a-findfp.o)
                0x00006598                _cleanup_r
 .text.std.isra.0
                0x000065a4       0x48 c:/progra~2/gnutoo~1/4636a~1.920/bin/../lib/gcc/arm-none-eabi/4.9.3/../../../../arm-none-eabi/lib/armv7e-m\libc_nano.a(lib_a-findfp.o)
 .text.__sinit  0x000065ec       0x60 c:/progra~2/gnutoo~1/4636a~1.920/bin/../lib/gcc/arm-none-eabi/4.9.3/../../../../arm-none-eabi/lib/armv7e-m\libc_nano.a(lib_a-findfp.o)
                0x000065ec                __sinit
 .text.__sfp    0x0000664c       0x74 c:/progra~2/gnutoo~1/4636a~1.920/bin/../lib/gcc/arm-none-eabi/4.9.3/../../../../arm-none-eabi/lib/armv7e-m\libc_nano.a(lib_a-findfp.o)
                0x0000664c                __sfp
 .text._fopen_r
                0x000066c0       0x80 c:/progra~2/gnutoo~1/4636a~1.920/bin/../lib/gcc/arm-none-eabi/4.9.3/../../../../arm-none-eabi/lib/armv7e-m\libc_nano.a(lib_a-fopen.o)
                0x000066c0                _fopen_r
 .text.fopen    0x00006740       0x14 c:/progra~2/gnutoo~1/4636a~1.920/bin/../lib/gcc/arm-none-eabi/4.9.3/../../../../arm-none-eabi/lib/armv7e-m\libc_nano.a(lib_a-fopen.o)
                0x00006740                fopen
 .text.fprintf  0x00006754       0x24 c:/progra~2/gnutoo~1/4636a~1.920/bin/../lib/gcc/arm-none-eabi/4.9.3/../../../../arm-none-eabi/lib/armv7e-m\libc_nano.a(lib_a-fprintf.o)
                0x00006754                fiprintf
                0x00006754                fprintf
 .text._fseeko_r
                0x00006778      0x118 c:/progra~2/gnutoo~1/4636a~1.920/bin/../lib/gcc/arm-none-eabi/4.9.3/../../../../arm-none-eabi/lib/armv7e-m\libc_nano.a(lib_a-fseeko.o)
                0x00006778                _fseeko_r
 .text.__libc_init_array
                0x00006890       0x4c c:/progra~2/gnutoo~1/4636a~1.920/bin/../lib/gcc/arm-none-eabi/4.9.3/../../../../arm-none-eabi/lib/armv7e-m\libc_nano.a(lib_a-init.o)
                0x00006890                __libc_init_array
 .text.__smakebuf_r
                0x000068dc       0x9c c:/progra~2/gnutoo~1/4636a~1.920/bin/../lib/gcc/arm-none-eabi/4.9.3/../../../../arm-none-eabi/lib/armv7e-m\libc_nano.a(lib_a-makebuf.o)
                0x000068dc                __smakebuf_r
 .text.malloc   0x00006978       0x10 c:/progra~2/gnutoo~1/4636a~1.920/bin/../lib/gcc/arm-none-eabi/4.9.3/../../../../arm-none-eabi/lib/armv7e-m\libc_nano.a(lib_a-malloc.o)
                0x00006978                malloc
 .text.free     0x00006988       0x10 c:/progra~2/gnutoo~1/4636a~1.920/bin/../lib/gcc/arm-none-eabi/4.9.3/../../../../arm-none-eabi/lib/armv7e-m\libc_nano.a(lib_a-malloc.o)
                0x00006988                free
 .text._vfprintf_r
                0x00006998      0x210 c:/progra~2/gnutoo~1/4636a~1.920/bin/../lib/gcc/arm-none-eabi/4.9.3/../../../../arm-none-eabi/lib/armv7e-m\libc_nano.a(lib_a-nano-vfprintf.o)
                0x00006998                _vfprintf_r
                0x00006998                _vfiprintf_r
 .text.vfprintf
                0x00006ba8       0x1c c:/progra~2/gnutoo~1/4636a~1.920/bin/../lib/gcc/arm-none-eabi/4.9.3/../../../../arm-none-eabi/lib/armv7e-m\libc_nano.a(lib_a-nano-vfprintf.o)
                0x00006ba8                vfprintf
                0x00006ba8                vfiprintf
 .text._printf_i
                0x00006bc4      0x240 c:/progra~2/gnutoo~1/4636a~1.920/bin/../lib/gcc/arm-none-eabi/4.9.3/../../../../arm-none-eabi/lib/armv7e-m\libc_nano.a(lib_a-nano-vfprintf_i.o)
                0x00006bc4                _printf_i
 .text._scanf_chars
                0x00006e04       0xc0 c:/progra~2/gnutoo~1/4636a~1.920/bin/../lib/gcc/arm-none-eabi/4.9.3/../../../../arm-none-eabi/lib/armv7e-m\libc_nano.a(lib_a-nano-vfscanf_i.o)
                0x00006e04                _scanf_chars
 .text._scanf_i
                0x00006ec4      0x1e4 c:/progra~2/gnutoo~1/4636a~1.920/bin/../lib/gcc/arm-none-eabi/4.9.3/../../../../arm-none-eabi/lib/armv7e-m\libc_nano.a(lib_a-nano-vfscanf_i.o)
                0x00006ec4                _scanf_i
 .text._open_r  0x000070a8       0x24 c:/progra~2/gnutoo~1/4636a~1.920/bin/../lib/gcc/arm-none-eabi/4.9.3/../../../../arm-none-eabi/lib/armv7e-m\libc_nano.a(lib_a-openr.o)
                0x000070a8                _open_r
 .text.setvbuf  0x000070cc      0x110 c:/progra~2/gnutoo~1/4636a~1.920/bin/../lib/gcc/arm-none-eabi/4.9.3/../../../../arm-none-eabi/lib/armv7e-m\libc_nano.a(lib_a-setvbuf.o)
                0x000070cc                setvbuf
 .text.raise    0x000071dc       0x10 c:/progra~2/gnutoo~1/4636a~1.920/bin/../lib/gcc/arm-none-eabi/4.9.3/../../../../arm-none-eabi/lib/armv7e-m\libc_nano.a(lib_a-signal.o)
                0x000071dc                raise
 .text._kill_r  0x000071ec       0x24 c:/progra~2/gnutoo~1/4636a~1.920/bin/../lib/gcc/arm-none-eabi/4.9.3/../../../../arm-none-eabi/lib/armv7e-m\libc_nano.a(lib_a-signalr.o)
                0x000071ec                _kill_r
 .text.sprintf  0x00007210       0x48 c:/progra~2/gnutoo~1/4636a~1.920/bin/../lib/gcc/arm-none-eabi/4.9.3/../../../../arm-none-eabi/lib/armv7e-m\libc_nano.a(lib_a-sprintf.o)
                0x00007210                siprintf
                0x00007210                sprintf
 .text.sscanf   0x00007258       0x54 c:/progra~2/gnutoo~1/4636a~1.920/bin/../lib/gcc/arm-none-eabi/4.9.3/../../../../arm-none-eabi/lib/armv7e-m\libc_nano.a(lib_a-sscanf.o)
                0x00007258                siscanf
                0x00007258                sscanf
 .text._strtol_r
                0x000072ac      0x10c c:/progra~2/gnutoo~1/4636a~1.920/bin/../lib/gcc/arm-none-eabi/4.9.3/../../../../arm-none-eabi/lib/armv7e-m\libc_nano.a(lib_a-strtol.o)
                0x000072ac                _strtol_r
 .text._strtoul_r
                0x000073b8       0xf8 c:/progra~2/gnutoo~1/4636a~1.920/bin/../lib/gcc/arm-none-eabi/4.9.3/../../../../arm-none-eabi/lib/armv7e-m\libc_nano.a(lib_a-strtoul.o)
                0x000073b8                _strtoul_r
 .text.__swbuf_r
                0x000074b0       0xa8 c:/progra~2/gnutoo~1/4636a~1.920/bin/../lib/gcc/arm-none-eabi/4.9.3/../../../../arm-none-eabi/lib/armv7e-m\libc_nano.a(lib_a-wbuf.o)
                0x000074b0                __swbuf_r
 .text._write_r
                0x00007558       0x24 c:/progra~2/gnutoo~1/4636a~1.920/bin/../lib/gcc/arm-none-eabi/4.9.3/../../../../arm-none-eabi/lib/armv7e-m\libc_nano.a(lib_a-writer.o)
                0x00007558                _write_r
 .text.__swsetup_r
                0x0000757c       0xd8 c:/progra~2/gnutoo~1/4636a~1.920/bin/../lib/gcc/arm-none-eabi/4.9.3/../../../../arm-none-eabi/lib/armv7e-m\libc_nano.a(lib_a-wsetup.o)
                0x0000757c                __swsetup_r
 .text._close_r
                0x00007654       0x20 c:/progra~2/gnutoo~1/4636a~1.920/bin/../lib/gcc/arm-none-eabi/4.9.3/../../../../arm-none-eabi/lib/armv7e-m\libc_nano.a(lib_a-closer.o)
                0x00007654                _close_r
 .text._fstat_r
                0x00007674       0x24 c:/progra~2/gnutoo~1/4636a~1.920/bin/../lib/gcc/arm-none-eabi/4.9.3/../../../../arm-none-eabi/lib/armv7e-m\libc_nano.a(lib_a-fstatr.o)
                0x00007674                _fstat_r
 .text._isatty_r
                0x00007698       0x20 c:/progra~2/gnutoo~1/4636a~1.920/bin/../lib/gcc/arm-none-eabi/4.9.3/../../../../arm-none-eabi/lib/armv7e-m\libc_nano.a(lib_a-isattyr.o)
                0x00007698                _isatty_r
 .text._lseek_r
                0x000076b8       0x24 c:/progra~2/gnutoo~1/4636a~1.920/bin/../lib/gcc/arm-none-eabi/4.9.3/../../../../arm-none-eabi/lib/armv7e-m\libc_nano.a(lib_a-lseekr.o)
                0x000076b8                _lseek_r
 .text._svfprintf_r
                0x000076dc      0x1e4 c:/progra~2/gnutoo~1/4636a~1.920/bin/../lib/gcc/arm-none-eabi/4.9.3/../../../../arm-none-eabi/lib/armv7e-m\libc_nano.a(lib_a-nano-svfprintf.o)
                0x000076dc                _svfiprintf_r
                0x000076dc                _svfprintf_r
 .text.__ssvfscanf_r
                0x000078c0      0x29c c:/progra~2/gnutoo~1/4636a~1.920/bin/../lib/gcc/arm-none-eabi/4.9.3/../../../../arm-none-eabi/lib/armv7e-m\libc_nano.a(lib_a-nano-svfscanf.o)
                0x000078c0                __ssvfiscanf_r
                0x000078c0                __ssvfscanf_r
 .text._read_r  0x00007b5c       0x24 c:/progra~2/gnutoo~1/4636a~1.920/bin/../lib/gcc/arm-none-eabi/4.9.3/../../../../arm-none-eabi/lib/armv7e-m\libc_nano.a(lib_a-readr.o)
                0x00007b5c                _read_r
 .text.mbed_sbrk
                0x00007b80       0x64 ym/core-util/source/core-util.a(sbrk.cpp.o)
                0x00007b80                mbed_sbrk
 .text.mbed_krbs_ex
                0x00007be4       0x68 ym/core-util/source/core-util.a(sbrk.cpp.o)
                0x00007be4                mbed_krbs_ex
 .text.NVIC_SetVector
                0x00007c4c       0x3c ym/cmsis-core/source/cmsis-core.a(cmsis_nvic.c.o)
                0x00007c4c                NVIC_SetVector
 .text._ZN4mbed4util19FunctionPointerBaseIvE17_null_constructorEPvSt9__va_list
                0x00007c88        0x2 test/CMakeFiles/htu21d-test-test.dir/C_/Users/andwat01/Documents/htu21d/test/test.cpp.o
                0x00007c88                mbed::util::FunctionPointerBase<void>::_null_constructor(void*, std::__va_list)
 .text._ZN4mbed4util19FunctionPointerBaseIvE15_null_copy_argsEPvS3_
                0x00007c8a        0x2 test/CMakeFiles/htu21d-test-test.dir/C_/Users/andwat01/Documents/htu21d/test/test.cpp.o
                0x00007c8a                mbed::util::FunctionPointerBase<void>::_null_copy_args(void*, void*)
 .text._ZN4mbed4util19FunctionPointerBaseIvE16_null_destructorEPv
                0x00007c8c        0x2 test/CMakeFiles/htu21d-test-test.dir/C_/Users/andwat01/Documents/htu21d/test/test.cpp.o
                0x00007c8c                mbed::util::FunctionPointerBase<void>::_null_destructor(void*)
 .text._ZN4mbed4util19FunctionPointerBaseIvED2Ev
                0x00007c8e        0x2 test/CMakeFiles/htu21d-test-test.dir/C_/Users/andwat01/Documents/htu21d/test/test.cpp.o
                0x00007c8e                mbed::util::FunctionPointerBase<void>::~FunctionPointerBase()
                0x00007c8e                mbed::util::FunctionPointerBase<void>::~FunctionPointerBase()
 .text._ZN4mbed4util16FunctionPointer0IvE12staticcallerEPvPjS3_
                0x00007c90        0x2 test/CMakeFiles/htu21d-test-test.dir/C_/Users/andwat01/Documents/htu21d/test/test.cpp.o
                0x00007c90                mbed::util::FunctionPointer0<void>::staticcaller(void*, unsigned int*, void*)
 .text._ZN4mbed4util16FunctionPointer0IvED2Ev
                0x00007c92        0x2 test/CMakeFiles/htu21d-test-test.dir/C_/Users/andwat01/Documents/htu21d/test/test.cpp.o
                0x00007c92                mbed::util::FunctionPointer0<void>::~FunctionPointer0()
                0x00007c92                mbed::util::FunctionPointer0<void>::~FunctionPointer0()
 .text._ZN4mbed4util16FunctionPointer2IvNS_6BufferEiED2Ev
                0x00007c94        0x2 test/CMakeFiles/htu21d-test-test.dir/C_/Users/andwat01/Documents/htu21d/test/test.cpp.o
                0x00007c94                mbed::util::FunctionPointer2<void, mbed::Buffer, int>::~FunctionPointer2()
                0x00007c94                mbed::util::FunctionPointer2<void, mbed::Buffer, int>::~FunctionPointer2()
 .text._ZN4mbed6SerialD1Ev
                0x00007c96       0x10 test/CMakeFiles/htu21d-test-test.dir/C_/Users/andwat01/Documents/htu21d/test/test.cpp.o
                0x00007c96                non-virtual thunk to mbed::Serial::~Serial()
                0x00007c9e                non-virtual thunk to mbed::Serial::~Serial()
 .text._ZN4mbed4util19FunctionPointerBaseIvED0Ev
                0x00007ca6        0xc test/CMakeFiles/htu21d-test-test.dir/C_/Users/andwat01/Documents/htu21d/test/test.cpp.o
                0x00007ca6                mbed::util::FunctionPointerBase<void>::~FunctionPointerBase()
 .text._ZN4mbed4util16FunctionPointer0IvED0Ev
                0x00007cb2        0xc test/CMakeFiles/htu21d-test-test.dir/C_/Users/andwat01/Documents/htu21d/test/test.cpp.o
                0x00007cb2                mbed::util::FunctionPointer0<void>::~FunctionPointer0()
 .text._ZN4mbed4util16FunctionPointer2IvNS_6BufferEiED0Ev
                0x00007cbe        0xc test/CMakeFiles/htu21d-test-test.dir/C_/Users/andwat01/Documents/htu21d/test/test.cpp.o
                0x00007cbe                mbed::util::FunctionPointer2<void, mbed::Buffer, int>::~FunctionPointer2()
 .text._ZN4mbed4util19FunctionPointerBindIvED0Ev
                0x00007cca       0x12 test/CMakeFiles/htu21d-test-test.dir/C_/Users/andwat01/Documents/htu21d/test/test.cpp.o
                0x00007cca                mbed::util::FunctionPointerBind<void>::~FunctionPointerBind()
 .text._ZN4mbed10SerialBaseD0Ev
                0x00007cdc       0x12 test/CMakeFiles/htu21d-test-test.dir/C_/Users/andwat01/Documents/htu21d/test/test.cpp.o
                0x00007cdc                mbed::SerialBase::~SerialBase()
 .text._ZN4mbed4util19FunctionPointerBaseIvE5clearEv
                0x00007cee        0xe test/CMakeFiles/htu21d-test-test.dir/C_/Users/andwat01/Documents/htu21d/test/test.cpp.o
                0x00007cee                mbed::util::FunctionPointerBase<void>::clear()
 .text._ZN4mbed6SerialD0Ev
                0x00007cfc       0x1e test/CMakeFiles/htu21d-test-test.dir/C_/Users/andwat01/Documents/htu21d/test/test.cpp.o
                0x00007cfc                mbed::Serial::~Serial()
                0x00007d0e                non-virtual thunk to mbed::Serial::~Serial()
                0x00007d14                non-virtual thunk to mbed::Serial::~Serial()
 .text._ZN4mbed6Serial5_getcEv
                0x00007d1a        0x4 ym/mbed-drivers/source/mbed-drivers.a(Serial.cpp.o)
                0x00007d1a                mbed::Serial::_getc()
 .text._ZThn244_N4mbed6Serial5_getcEv
                0x00007d1e        0x8 ym/mbed-drivers/source/mbed-drivers.a(Serial.cpp.o)
                0x00007d1e                non-virtual thunk to mbed::Serial::_getc()
 .text._ZN4mbed6Serial5_putcEi
                0x00007d26        0x4 ym/mbed-drivers/source/mbed-drivers.a(Serial.cpp.o)
                0x00007d26                mbed::Serial::_putc(int)
 .text._ZThn244_N4mbed6Serial5_putcEi
                0x00007d2a        0x8 ym/mbed-drivers/source/mbed-drivers.a(Serial.cpp.o)
                0x00007d2a                non-virtual thunk to mbed::Serial::_putc(int)
 .text.gpio_init_out_ex
                0x00007d32       0x2e ym/mbed-drivers/source/mbed-drivers.a(gpio.c.o)
                0x00007d32                gpio_init_out_ex
 .text.gpio_init_out
                0x00007d60        0x6 ym/mbed-drivers/source/mbed-drivers.a(gpio.c.o)
                0x00007d60                gpio_init_out
 .text._ZN4mbed10FileHandle4flenEv
                0x00007d66       0x34 ym/mbed-drivers/source/mbed-drivers.a(retarget.cpp.o)
                0x00007d66                mbed::FileHandle::flen()
 .text._ZN4mbed4util16FunctionPointer2IviPPcE11constructorEPvSt9__va_list
                0x00007d9a       0x10 ym/mbed-drivers/source/mbed-drivers.a(retarget.cpp.o)
                0x00007d9a                mbed::util::FunctionPointer2<void, int, char**>::constructor(void*, std::__va_list)
 .text._ZN4mbed4util16FunctionPointer2IviPPcE16copy_constructorEPvS5_
                0x00007daa        0xc ym/mbed-drivers/source/mbed-drivers.a(retarget.cpp.o)
                0x00007daa                mbed::util::FunctionPointer2<void, int, char**>::copy_constructor(void*, void*)
 .text._ZN4mbed4util16FunctionPointer2IviPPcE10destructorEPv
                0x00007db6        0x2 ym/mbed-drivers/source/mbed-drivers.a(retarget.cpp.o)
                0x00007db6                mbed::util::FunctionPointer2<void, int, char**>::destructor(void*)
 .text._ZN4mbed4util16FunctionPointer2IviPPcE12staticcallerEPvPjS5_
                0x00007db8        0x8 ym/mbed-drivers/source/mbed-drivers.a(retarget.cpp.o)
                0x00007db8                mbed::util::FunctionPointer2<void, int, char**>::staticcaller(void*, unsigned int*, void*)
 .text._ZN4mbed4util16FunctionPointer2IviPPcED2Ev
                0x00007dc0        0x2 ym/mbed-drivers/source/mbed-drivers.a(retarget.cpp.o)
                0x00007dc0                mbed::util::FunctionPointer2<void, int, char**>::~FunctionPointer2()
                0x00007dc0                mbed::util::FunctionPointer2<void, int, char**>::~FunctionPointer2()
 .text._ZN4mbed4util16FunctionPointer2IviPPcED0Ev
                0x00007dc2        0xc ym/mbed-drivers/source/mbed-drivers.a(retarget.cpp.o)
                0x00007dc2                mbed::util::FunctionPointer2<void, int, char**>::~FunctionPointer2()
 .text._fstat   0x00007dce       0x1e ym/mbed-drivers/source/mbed-drivers.a(retarget.cpp.o)
                0x00007dce                _fstat
 .text.__cxa_pure_virtual
                0x00007dec        0x8 ym/mbed-drivers/source/mbed-drivers.a(retarget.cpp.o)
                0x00007dec                __cxa_pure_virtual
 .text.__wrap_main
                0x00007df4        0xe ym/mbed-drivers/source/mbed-drivers.a(retarget.cpp.o)
                0x00007df4                __wrap_main
 .text._exit    0x00007e02        0x4 ym/mbed-drivers/source/mbed-drivers.a(retarget.cpp.o)
                0x00007e02                _exit
 .text._kill    0x00007e06       0x10 ym/mbed-drivers/source/mbed-drivers.a(retarget.cpp.o)
                0x00007e06                _kill
 .text._getpid  0x00007e16        0x4 ym/mbed-drivers/source/mbed-drivers.a(retarget.cpp.o)
                0x00007e16                _getpid
 .text._ZN4mbed10SerialBase12_irq_handlerEm9SerialIrq
                0x00007e1a       0x1e ym/mbed-drivers/source/mbed-drivers.a(SerialBase.cpp.o)
                0x00007e1a                mbed::SerialBase::_irq_handler(unsigned long, SerialIrq)
 .text._ZN6CThunkIN4mbed10SerialBaseEE10trampolineEPS1_PvPMS1_FvS4_E
                0x00007e38       0x28 ym/mbed-drivers/source/mbed-drivers.a(SerialBase.cpp.o)
                0x00007e38                CThunk<mbed::SerialBase>::trampoline(mbed::SerialBase*, void*, void (mbed::SerialBase::**)(void*))
 .text._ZN4mbed4util16FunctionPointer2IvNS_6BufferEiE12staticcallerEPvPjS4_
                0x00007e60        0xa ym/mbed-drivers/source/mbed-drivers.a(SerialBase.cpp.o)
                0x00007e60                mbed::util::FunctionPointer2<void, mbed::Buffer, int>::staticcaller(void*, unsigned int*, void*)
 .text._ZN4mbed10SerialBase10_base_getcEv
                0x00007e6a        0x6 ym/mbed-drivers/source/mbed-drivers.a(SerialBase.cpp.o)
                0x00007e6a                mbed::SerialBase::_base_getc()
 .text._ZN4mbed10SerialBase10_base_putcEi
                0x00007e70        0xe ym/mbed-drivers/source/mbed-drivers.a(SerialBase.cpp.o)
                0x00007e70                mbed::SerialBase::_base_putc(int)
 .text.wait_us  0x00007e7e       0x16 ym/mbed-drivers/source/mbed-drivers.a(wait_api.c.o)
                0x00007e7e                wait_us
 .text.wait_ms  0x00007e94        0xa ym/mbed-drivers/source/mbed-drivers.a(wait_api.c.o)
                0x00007e94                wait_ms
 .text._ZN4mbed6Stream5closeEv
                0x00007e9e        0x4 ym/mbed-drivers/source/mbed-drivers.a(Stream.cpp.o)
                0x00007e9e                mbed::Stream::close()
 .text._ZN4mbed6Stream5writeEPKvj
                0x00007ea2       0x24 ym/mbed-drivers/source/mbed-drivers.a(Stream.cpp.o)
                0x00007ea2                mbed::Stream::write(void const*, unsigned int)
 .text._ZN4mbed6Stream4readEPvj
                0x00007ec6       0x24 ym/mbed-drivers/source/mbed-drivers.a(Stream.cpp.o)
                0x00007ec6                mbed::Stream::read(void*, unsigned int)
 .text._ZN4mbed6Stream5lseekEli
                0x00007eea        0x4 ym/mbed-drivers/source/mbed-drivers.a(Stream.cpp.o)
                0x00007eea                mbed::Stream::lseek(long, int)
 .text._ZN4mbed6Stream6isattyEv
                0x00007eee        0x4 ym/mbed-drivers/source/mbed-drivers.a(Stream.cpp.o)
                0x00007eee                mbed::Stream::isatty()
 .text._ZN4mbed6Stream5fsyncEv
                0x00007ef2        0x4 ym/mbed-drivers/source/mbed-drivers.a(Stream.cpp.o)
                0x00007ef2                mbed::Stream::fsync()
 .text._ZN4mbed6Stream4flenEv
                0x00007ef6        0x4 ym/mbed-drivers/source/mbed-drivers.a(Stream.cpp.o)
                0x00007ef6                mbed::Stream::flen()
 .text._ZN4mbed6Stream6printfEPKcz
                0x00007efa       0x28 ym/mbed-drivers/source/mbed-drivers.a(Stream.cpp.o)
                0x00007efa                mbed::Stream::printf(char const*, ...)
 .text._ZN4mbed8FilePathC2EPKc
                0x00007f22       0x3c ym/mbed-drivers/source/mbed-drivers.a(FilePath.cpp.o)
                0x00007f22                mbed::FilePath::FilePath(char const*)
                0x00007f22                mbed::FilePath::FilePath(char const*)
 .text._ZN4mbed8FilePath8fileNameEv
                0x00007f5e        0x4 ym/mbed-drivers/source/mbed-drivers.a(FilePath.cpp.o)
                0x00007f5e                mbed::FilePath::fileName()
 .text._ZN4mbed8FilePath12isFileSystemEv
                0x00007f62       0x12 ym/mbed-drivers/source/mbed-drivers.a(FilePath.cpp.o)
                0x00007f62                mbed::FilePath::isFileSystem()
 .text._ZN4mbed8FilePath10fileSystemEv
                0x00007f74        0xe ym/mbed-drivers/source/mbed-drivers.a(FilePath.cpp.o)
                0x00007f74                mbed::FilePath::fileSystem()
 .text._ZN4mbed8FilePath6isFileEv
                0x00007f82       0x12 ym/mbed-drivers/source/mbed-drivers.a(FilePath.cpp.o)
                0x00007f82                mbed::FilePath::isFile()
 .text._ZN4mbed8FilePath4fileEv
                0x00007f94       0x12 ym/mbed-drivers/source/mbed-drivers.a(FilePath.cpp.o)
                0x00007f94                mbed::FilePath::file()
 .text._ZN4mbed8FilePath6existsEv
                0x00007fa6        0xa ym/mbed-drivers/source/mbed-drivers.a(FilePath.cpp.o)
                0x00007fa6                mbed::FilePath::exists()
 .text._ZN4mbed8FileBaseD0Ev
                0x00007fb0       0x12 ym/mbed-drivers/source/mbed-drivers.a(FileBase.cpp.o)
                0x00007fb0                mbed::FileBase::~FileBase()
 .text._ZN4mbed8FileBase11getPathTypeEv
                0x00007fc2        0x4 ym/mbed-drivers/source/mbed-drivers.a(FileBase.cpp.o)
                0x00007fc2                mbed::FileBase::getPathType()
 .text.mbed_die
                0x00007fc6       0x2c ym/mbed-drivers/source/mbed-drivers.a(board.c.o)
                0x00007fc6                mbed_die
 .text._ZN4mbed4util16FunctionPointer3IvNS_6BufferES2_iED2Ev
                0x00007ff2        0x2 source/htu21d.a(htu21d.cpp.o)
                0x00007ff2                mbed::util::FunctionPointer3<void, mbed::Buffer, mbed::Buffer, int>::~FunctionPointer3()
                0x00007ff2                mbed::util::FunctionPointer3<void, mbed::Buffer, mbed::Buffer, int>::~FunctionPointer3()
 .text._ZN4mbed4util16FunctionPointer3IvNS_6BufferES2_iED0Ev
                0x00007ff4        0xc source/htu21d.a(htu21d.cpp.o)
                0x00007ff4                mbed::util::FunctionPointer3<void, mbed::Buffer, mbed::Buffer, int>::~FunctionPointer3()
 .text._ZN6htu21dD2Ev
                0x00008000        0x2 source/htu21d.a(htu21d.cpp.o)
                0x00008000                htu21d::~htu21d()
                0x00008000                htu21d::~htu21d()
 .text._ZN6htu21d7getDataEh
                0x00008002       0x82 source/htu21d.a(htu21d.cpp.o)
                0x00008002                htu21d::getData(unsigned char)
 .text._ZN4mbed4util16FunctionPointer3IvNS_6BufferES2_iE12staticcallerEPvPjS4_
                0x00008084       0x16 ym/mbed-drivers/source/mbed-drivers.a(I2C.cpp.o)
                0x00008084                mbed::util::FunctionPointer3<void, mbed::Buffer, mbed::Buffer, int>::staticcaller(void*, unsigned int*, void*)
 .text._ZN6CThunkIN4mbed3I2CEE10trampolineEPS1_PvPMS1_FvS4_E
                0x0000809a       0x28 ym/mbed-drivers/source/mbed-drivers.a(I2C.cpp.o)
                0x0000809a                CThunk<mbed::I2C>::trampoline(mbed::I2C*, void*, void (mbed::I2C::**)(void*))
 .text._ZN4mbed3I2C5writeEi
                0x000080c2        0x6 ym/mbed-drivers/source/mbed-drivers.a(I2C.cpp.o)
                0x000080c2                mbed::I2C::write(int)
 .text._ZN4mbed3I2C4readEi
                0x000080c8        0xe ym/mbed-drivers/source/mbed-drivers.a(I2C.cpp.o)
                0x000080c8                mbed::I2C::read(int)
 .text._ZN4mbed3I2C5startEv
                0x000080d6        0x6 ym/mbed-drivers/source/mbed-drivers.a(I2C.cpp.o)
                0x000080d6                mbed::I2C::start()
 .text._ZN4mbed3I2C4stopEv
                0x000080dc        0x6 ym/mbed-drivers/source/mbed-drivers.a(I2C.cpp.o)
                0x000080dc                mbed::I2C::stop()
 .text._ZN5minarL21smallestTimeIncrementEmmm
                0x000080e2       0x26 ym/minar/source/minar.a(minar.cpp.o)
 .text._ZN4mbed4util19CriticalSectionLockC2Ev
                0x00008108        0xa ym/minar/source/minar.a(minar.cpp.o)
                0x00008108                mbed::util::CriticalSectionLock::CriticalSectionLock()
                0x00008108                mbed::util::CriticalSectionLock::CriticalSectionLock()
 .text._ZN5minar9Scheduler13CallbackAdder6periodEm
                0x00008112        0x4 ym/minar/source/minar.a(minar.cpp.o)
                0x00008112                minar::Scheduler::CallbackAdder::period(unsigned long)
 .text._ZNK5minar13SchedulerData19CallbackNodeCompareclERKPNS_12CallbackNodeES5_
                0x00008116       0x1c ym/minar/source/minar.a(minar.cpp.o)
                0x00008116                minar::SchedulerData::CallbackNodeCompare::operator()(minar::CallbackNode* const&, minar::CallbackNode* const&) const
 .text._ZN5minar12millisecondsEm
                0x00008132       0x14 ym/minar/source/minar.a(minar.cpp.o)
                0x00008132                minar::milliseconds(unsigned long)
 .text._ZN5minar9Scheduler13CallbackAdderC2ERS0_N4mbed4util19FunctionPointerBindIvEE
                0x00008146       0x22 ym/minar/source/minar.a(minar.cpp.o)
                0x00008146                minar::Scheduler::CallbackAdder::CallbackAdder(minar::Scheduler&, mbed::util::FunctionPointerBind<void>)
                0x00008146                minar::Scheduler::CallbackAdder::CallbackAdder(minar::Scheduler&, mbed::util::FunctionPointerBind<void>)
 .text._ZNK4mbed4util5ArrayIPN5minar12CallbackNodeEE19get_element_addressEj
                0x00008168       0x18 ym/minar/source/minar.a(minar.cpp.o)
                0x00008168                mbed::util::Array<minar::CallbackNode*>::get_element_address(unsigned int) const
 .text._ZN4mbed4util10BinaryHeapIPN5minar12CallbackNodeENS2_13SchedulerData19CallbackNodeCompareEE5_swapEjj
                0x00008180       0x34 ym/minar/source/minar.a(minar.cpp.o)
                0x00008180                mbed::util::BinaryHeap<minar::CallbackNode*, minar::SchedulerData::CallbackNodeCompare>::_swap(unsigned int, unsigned int)
 .text._ZN4mbed4util5ArrayIPN5minar12CallbackNodeEE8pop_backEv
                0x000081b4       0x28 ym/minar/source/minar.a(minar.cpp.o)
                0x000081b4                mbed::util::Array<minar::CallbackNode*>::pop_back()
 .text._ZN4mbed4util10BinaryHeapIPN5minar12CallbackNodeENS2_13SchedulerData19CallbackNodeCompareEE15_propagate_downEj
                0x000081dc       0xb0 ym/minar/source/minar.a(minar.cpp.o)
                0x000081dc                mbed::util::BinaryHeap<minar::CallbackNode*, minar::SchedulerData::CallbackNodeCompare>::_propagate_down(unsigned int)
 .text._ZNK4mbed4util5ArrayIPN5minar12CallbackNodeEE16create_new_arrayEjjPNS5_10array_linkE
                0x0000828c       0x26 ym/minar/source/minar.a(minar.cpp.o)
                0x0000828c                mbed::util::Array<minar::CallbackNode*>::create_new_array(unsigned int, unsigned int, mbed::util::Array<minar::CallbackNode*>::array_link*) const
 .text._ZN5minar9SchedulerC2Ev
                0x000082b2       0x16 ym/minar/source/minar.a(minar.cpp.o)
                0x000082b2                minar::Scheduler::Scheduler()
                0x000082b2                minar::Scheduler::Scheduler()
 .text._ZN4mbed4util10BinaryHeapIPN5minar12CallbackNodeENS2_13SchedulerData19CallbackNodeCompareEE6insertERKS4_
                0x000082c8       0xc6 ym/minar/source/minar.a(minar.cpp.o)
                0x000082c8                mbed::util::BinaryHeap<minar::CallbackNode*, minar::SchedulerData::CallbackNodeCompare>::insert(minar::CallbackNode* const&)
 .text._ZN5minar9Scheduler13CallbackAdder9getHandleEv
                0x0000838e       0x50 ym/minar/source/minar.a(minar.cpp.o)
                0x0000838e                minar::Scheduler::CallbackAdder::getHandle()
 .text._ZN5minar9Scheduler13CallbackAdderD2Ev
                0x000083de       0x12 ym/minar/source/minar.a(minar.cpp.o)
                0x000083de                minar::Scheduler::CallbackAdder::~CallbackAdder()
                0x000083de                minar::Scheduler::CallbackAdder::~CallbackAdder()
 .text._ZN4mbed4util13PoolAllocator5allocEv
                0x000083f0       0x2c ym/core-util/source/core-util.a(PoolAllocator.cpp.o)
                0x000083f0                mbed::util::PoolAllocator::alloc()
 .text._ZNK4mbed4util13PoolAllocator4ownsEPv
                0x0000841c       0x16 ym/core-util/source/core-util.a(PoolAllocator.cpp.o)
                0x0000841c                mbed::util::PoolAllocator::owns(void*) const
 .text._ZN4mbed4util13PoolAllocator4freeEPv
                0x00008432       0x2e ym/core-util/source/core-util.a(PoolAllocator.cpp.o)
                0x00008432                mbed::util::PoolAllocator::free(void*)
 .text._ZN4mbed4util13PoolAllocator13get_pool_sizeEjjj
                0x00008460        0xc ym/core-util/source/core-util.a(PoolAllocator.cpp.o)
                0x00008460                mbed::util::PoolAllocator::get_pool_size(unsigned int, unsigned int, unsigned int)
 .text._ZN4mbed4util13PoolAllocator8align_upEmm
                0x0000846c        0xa ym/core-util/source/core-util.a(PoolAllocator.cpp.o)
                0x0000846c                mbed::util::PoolAllocator::align_up(unsigned long, unsigned long)
 .text._ZN4mbed4util13PoolAllocator5_initEv
                0x00008476       0x1e ym/core-util/source/core-util.a(PoolAllocator.cpp.o)
                0x00008476                mbed::util::PoolAllocator::_init()
 .text._ZN4mbed4util13PoolAllocatorC2EPvjjj
                0x00008494       0x20 ym/core-util/source/core-util.a(PoolAllocator.cpp.o)
                0x00008494                mbed::util::PoolAllocator::PoolAllocator(void*, unsigned int, unsigned int, unsigned int)
                0x00008494                mbed::util::PoolAllocator::PoolAllocator(void*, unsigned int, unsigned int, unsigned int)
 .text._ZN4mbed4util23ExtendablePoolAllocatorC2Ev
                0x000084b4        0x6 ym/core-util/source/core-util.a(ExtendablePoolAllocator.cpp.o)
                0x000084b4                mbed::util::ExtendablePoolAllocator::ExtendablePoolAllocator()
                0x000084b4                mbed::util::ExtendablePoolAllocator::ExtendablePoolAllocator()
 .text._ZN4mbed4util23ExtendablePoolAllocator4freeEPv
                0x000084ba       0x26 ym/core-util/source/core-util.a(ExtendablePoolAllocator.cpp.o)
                0x000084ba                mbed::util::ExtendablePoolAllocator::free(void*)
 .text._ZNK4mbed4util23ExtendablePoolAllocator15create_new_poolEjPNS1_9pool_linkE
                0x000084e0       0x44 ym/core-util/source/core-util.a(ExtendablePoolAllocator.cpp.o)
                0x000084e0                mbed::util::ExtendablePoolAllocator::create_new_pool(unsigned int, mbed::util::ExtendablePoolAllocator::pool_link*) const
 .text._ZN4mbed4util23ExtendablePoolAllocator4initEjjj12UAllocTraitsj
                0x00008524       0x38 ym/core-util/source/core-util.a(ExtendablePoolAllocator.cpp.o)
                0x00008524                mbed::util::ExtendablePoolAllocator::init(unsigned int, unsigned int, unsigned int, UAllocTraits, unsigned int)
 .text._ZN4mbed4util23ExtendablePoolAllocator5allocEv
                0x0000855c       0x58 ym/core-util/source/core-util.a(ExtendablePoolAllocator.cpp.o)
                0x0000855c                mbed::util::ExtendablePoolAllocator::alloc()
 .text.UART_HAL_EnableTransmitter
                0x000085b4       0x18 ym/mbed-hal-ksdk-mcu/source/mbed-hal-ksdk-mcu.a(serial_api.c.o)
 .text.UART_HAL_EnableReceiver
                0x000085cc       0x18 ym/mbed-hal-ksdk-mcu/source/mbed-hal-ksdk-mcu.a(serial_api.c.o)
 .text.UART_HAL_SetBitCountPerChar
                0x000085e4       0x16 ym/mbed-hal-ksdk-mcu/source/mbed-hal-ksdk-mcu.a(serial_api.c.o)
 .text.UART_HAL_SetParityMode
                0x000085fa       0x46 ym/mbed-hal-ksdk-mcu/source/mbed-hal-ksdk-mcu.a(serial_api.c.o)
 .text.UART_HAL_SetStopBitCount
                0x00008640       0x16 ym/mbed-hal-ksdk-mcu/source/mbed-hal-ksdk-mcu.a(serial_api.c.o)
 .text.UART_HAL_GetTxDataRegEmptyIntCmd
                0x00008656       0x1e ym/mbed-hal-ksdk-mcu/source/mbed-hal-ksdk-mcu.a(serial_api.c.o)
 .text.UART_HAL_GetRxDataRegFullIntCmd
                0x00008674       0x1e ym/mbed-hal-ksdk-mcu/source/mbed-hal-ksdk-mcu.a(serial_api.c.o)
 .text.UART_HAL_IsTxDataRegEmpty
                0x00008692       0x1e ym/mbed-hal-ksdk-mcu/source/mbed-hal-ksdk-mcu.a(serial_api.c.o)
 .text.UART_HAL_IsRxDataRegFull
                0x000086b0       0x1e ym/mbed-hal-ksdk-mcu/source/mbed-hal-ksdk-mcu.a(serial_api.c.o)
 .text.serial_readable
                0x000086ce       0x1e ym/mbed-hal-ksdk-mcu/source/mbed-hal-ksdk-mcu.a(serial_api.c.o)
                0x000086ce                serial_readable
 .text.serial_getc
                0x000086ec       0x20 ym/mbed-hal-ksdk-mcu/source/mbed-hal-ksdk-mcu.a(serial_api.c.o)
                0x000086ec                serial_getc
 .text.serial_writable
                0x0000870c       0x1e ym/mbed-hal-ksdk-mcu/source/mbed-hal-ksdk-mcu.a(serial_api.c.o)
                0x0000870c                serial_writable
 .text.serial_putc
                0x0000872a       0x1c ym/mbed-hal-ksdk-mcu/source/mbed-hal-ksdk-mcu.a(serial_api.c.o)
                0x0000872a                serial_putc
 .text.gpio_mode
                0x00008746        0x6 ym/mbed-hal-ksdk-mcu/source/mbed-hal-ksdk-mcu.a(gpio_api.c.o)
                0x00008746                gpio_mode
 .text.UART_HAL_Init
                0x0000874c      0x110 ym/mbed-hal-ksdk-mcu/source/mbed-hal-ksdk-mcu.a(fsl_uart_hal.c.o)
                0x0000874c                UART_HAL_Init
 .text.UART_HAL_SetBaudRate
                0x0000885c       0x86 ym/mbed-hal-ksdk-mcu/source/mbed-hal-ksdk-mcu.a(fsl_uart_hal.c.o)
                0x0000885c                UART_HAL_SetBaudRate
 .text.UART_HAL_Putchar
                0x000088e2       0x20 ym/mbed-hal-ksdk-mcu/source/mbed-hal-ksdk-mcu.a(fsl_uart_hal.c.o)
                0x000088e2                UART_HAL_Putchar
 .text.UART_HAL_Getchar
                0x00008902       0x22 ym/mbed-hal-ksdk-mcu/source/mbed-hal-ksdk-mcu.a(fsl_uart_hal.c.o)
                0x00008902                UART_HAL_Getchar
 .text.UART_HAL_GetStatusFlag
                0x00008924       0x38 ym/mbed-hal-ksdk-mcu/source/mbed-hal-ksdk-mcu.a(fsl_uart_hal.c.o)
                0x00008924                UART_HAL_GetStatusFlag
 .text.UART_HAL_ClearStatusFlag
                0x0000895c       0xd2 ym/mbed-hal-ksdk-mcu/source/mbed-hal-ksdk-mcu.a(fsl_uart_hal.c.o)
                0x0000895c                UART_HAL_ClearStatusFlag
 .text.UART_HAL_ClearAllNonAutoclearStatusFlags
                0x00008a2e       0x56 ym/mbed-hal-ksdk-mcu/source/mbed-hal-ksdk-mcu.a(fsl_uart_hal.c.o)
                0x00008a2e                UART_HAL_ClearAllNonAutoclearStatusFlags
 .text.UART_HAL_SetTxFifoCmd
                0x00008a84       0x4a ym/mbed-hal-ksdk-mcu/source/mbed-hal-ksdk-mcu.a(fsl_uart_hal.c.o)
                0x00008a84                UART_HAL_SetTxFifoCmd
 .text.UART_HAL_SetRxFifoCmd
                0x00008ace       0x4a ym/mbed-hal-ksdk-mcu/source/mbed-hal-ksdk-mcu.a(fsl_uart_hal.c.o)
                0x00008ace                UART_HAL_SetRxFifoCmd
 .text.UART_HAL_FlushTxFifo
                0x00008b18       0x36 ym/mbed-hal-ksdk-mcu/source/mbed-hal-ksdk-mcu.a(fsl_uart_hal.c.o)
                0x00008b18                UART_HAL_FlushTxFifo
 .text.UART_HAL_FlushRxFifo
                0x00008b4e       0x36 ym/mbed-hal-ksdk-mcu/source/mbed-hal-ksdk-mcu.a(fsl_uart_hal.c.o)
                0x00008b4e                UART_HAL_FlushRxFifo
 .text.PORT_HAL_SetPullMode
                0x00008b84       0x1a ym/mbed-hal-ksdk-mcu/source/mbed-hal-ksdk-mcu.a(pinmap.c.o)
 .text.PORT_HAL_SetPullCmd
                0x00008b9e       0x1c ym/mbed-hal-ksdk-mcu/source/mbed-hal-ksdk-mcu.a(pinmap.c.o)
 .text.GPIO_HAL_SetPinDir
                0x00008bba       0x42 ym/mbed-hal-ksdk-mcu/source/mbed-hal-ksdk-mcu.a(fsl_gpio_hal.c.o)
                0x00008bba                GPIO_HAL_SetPinDir
 .text.GPIO_HAL_WritePinOutput
                0x00008bfc       0x1c ym/mbed-hal-ksdk-mcu/source/mbed-hal-ksdk-mcu.a(fsl_gpio_hal.c.o)
                0x00008bfc                GPIO_HAL_WritePinOutput
 .text.I2C_HAL_SendAck
                0x00008c18       0x18 ym/mbed-hal-ksdk-mcu/source/mbed-hal-ksdk-mcu.a(i2c_api.c.o)
 .text.I2C_HAL_SendNak
                0x00008c30       0x18 ym/mbed-hal-ksdk-mcu/source/mbed-hal-ksdk-mcu.a(i2c_api.c.o)
 .text.I2C_HAL_SetDirMode
                0x00008c48       0x16 ym/mbed-hal-ksdk-mcu/source/mbed-hal-ksdk-mcu.a(i2c_api.c.o)
 .text.I2C_HAL_ReadByte
                0x00008c5e       0x12 ym/mbed-hal-ksdk-mcu/source/mbed-hal-ksdk-mcu.a(i2c_api.c.o)
 .text.I2C_HAL_WriteByte
                0x00008c70       0x10 ym/mbed-hal-ksdk-mcu/source/mbed-hal-ksdk-mcu.a(i2c_api.c.o)
 .text.I2C_HAL_GetStatusFlag
                0x00008c80       0x18 ym/mbed-hal-ksdk-mcu/source/mbed-hal-ksdk-mcu.a(i2c_api.c.o)
 .text.I2C_HAL_ClearInt
                0x00008c98       0x18 ym/mbed-hal-ksdk-mcu/source/mbed-hal-ksdk-mcu.a(i2c_api.c.o)
 .text.i2c_do_write
                0x00008cb0       0x3a ym/mbed-hal-ksdk-mcu/source/mbed-hal-ksdk-mcu.a(i2c_api.c.o)
 .text.i2c_do_read
                0x00008cea       0x3a ym/mbed-hal-ksdk-mcu/source/mbed-hal-ksdk-mcu.a(i2c_api.c.o)
 .text.PORT_HAL_SetOpenDrainCmd.constprop.1
                0x00008d24       0x1c ym/mbed-hal-ksdk-mcu/source/mbed-hal-ksdk-mcu.a(i2c_api.c.o)
 .text.i2c_start
                0x00008d40        0xc ym/mbed-hal-ksdk-mcu/source/mbed-hal-ksdk-mcu.a(i2c_api.c.o)
                0x00008d40                i2c_start
 .text.i2c_stop
                0x00008d4c       0x5e ym/mbed-hal-ksdk-mcu/source/mbed-hal-ksdk-mcu.a(i2c_api.c.o)
                0x00008d4c                i2c_stop
 .text.i2c_frequency
                0x00008daa       0x26 ym/mbed-hal-ksdk-mcu/source/mbed-hal-ksdk-mcu.a(i2c_api.c.o)
                0x00008daa                i2c_frequency
 .text.i2c_byte_read
                0x00008dd0       0x2c ym/mbed-hal-ksdk-mcu/source/mbed-hal-ksdk-mcu.a(i2c_api.c.o)
                0x00008dd0                i2c_byte_read
 .text.i2c_byte_write
                0x00008dfc       0x1e ym/mbed-hal-ksdk-mcu/source/mbed-hal-ksdk-mcu.a(i2c_api.c.o)
                0x00008dfc                i2c_byte_write
 .text.CLOCK_HAL_GetClkSrcMode
                0x00008e1a       0x12 ym/mbed-hal-ksdk-mcu/source/mbed-hal-ksdk-mcu.a(fsl_mcg_hal.c.o)
 .text.CLOCK_HAL_GetOscselMode
                0x00008e2c       0x14 ym/mbed-hal-ksdk-mcu/source/mbed-hal-ksdk-mcu.a(fsl_mcg_hal.c.o)
 .text.CLOCK_HAL_GetFllClk
                0x00008e40       0x8a ym/mbed-hal-ksdk-mcu/source/mbed-hal-ksdk-mcu.a(fsl_mcg_hal.c.o)
                0x00008e40                CLOCK_HAL_GetFllClk
 .text.I2C_HAL_Init
                0x00008eca       0xb8 ym/mbed-hal-ksdk-mcu/source/mbed-hal-ksdk-mcu.a(fsl_i2c_hal.c.o)
                0x00008eca                I2C_HAL_Init
 .text.I2C_HAL_SendStart
                0x00008f82       0x4e ym/mbed-hal-ksdk-mcu/source/mbed-hal-ksdk-mcu.a(fsl_i2c_hal.c.o)
                0x00008f82                I2C_HAL_SendStart
 .text._ZN5minar8platform4initEv
                0x00008fd0        0x4 ym/minar-platform-mbed/source/minar-platform-mbed.a(mbed_platform.cpp.o)
                0x00008fd0                minar::platform::init()
 .text._ZN5minar8platform5sleepEv
                0x00008fd4       0x14 ym/minar-platform-mbed/source/minar-platform-mbed.a(mbed_platform.cpp.o)
                0x00008fd4                minar::platform::sleep()
 .text._ZN5minar8platform7getTimeEv
                0x00008fe8        0x4 ym/minar-platform-mbed/source/minar-platform-mbed.a(mbed_platform.cpp.o)
                0x00008fe8                minar::platform::getTime()
 .text._ZN5minar8platform14sleepFromUntilEmm
                0x00008fec       0x56 ym/minar-platform-mbed/source/minar-platform-mbed.a(mbed_platform.cpp.o)
                0x00008fec                minar::platform::sleepFromUntil(unsigned long, unsigned long)
 .text.CLOCK_SYS_GetUartFreq
                0x00009042       0x28 ym/mbed-hal-k64f/source/mbed-hal-k64f.a(fsl_clock_K64F12.c.o)
                0x00009042                CLOCK_SYS_GetUartFreq
 .text.mbed_hal_init
                0x0000906a        0x2 ym/mbed-hal-frdm-k64f/source/mbed-hal-frdm-k64f.a(init_api.c.o)
                0x0000906a                mbed_hal_init
 .text.ticker_irq_handler
                0x0000906c       0x48 ym/mbed-drivers/source/mbed-drivers.a(ticker_api.c.o)
                0x0000906c                ticker_irq_handler
 .text.pinmap_find_peripheral
                0x000090b4       0x16 ym/mbed-drivers/source/mbed-drivers.a(pinmap_common.c.o)
                0x000090b4                pinmap_find_peripheral
 .text.mbed_exit_sleep
                0x000090ca        0x2 ym/mbed-hal-ksdk-mcu/source/mbed-hal-ksdk-mcu.a(sleep.c.o)
                0x000090ca                mbed_exit_sleep
 .text.SMC_HAL_SetProtection
                0x000090cc       0x40 ym/mbed-hal-ksdk-mcu/source/mbed-hal-ksdk-mcu.a(fsl_smc_hal.c.o)
                0x000090cc                SMC_HAL_SetProtection
 .text.LPTMR_HAL_Disable.constprop.5
                0x0000910c       0x14 ym/mbed-hal-ksdk-mcu/source/mbed-hal-ksdk-mcu.a(lp_ticker.c.o)
 .text.LPTMR_HAL_Enable.constprop.6
                0x00009120       0x14 ym/mbed-hal-ksdk-mcu/source/mbed-hal-ksdk-mcu.a(lp_ticker.c.o)
 .text.RTC_HAL_SetSecsReg
                0x00009134       0x26 ym/mbed-hal-ksdk-mcu/source/mbed-hal-ksdk-mcu.a(fsl_rtc_hal.c.o)
 .text.RTC_HAL_SetOscillatorCmd
                0x0000915a       0x16 ym/mbed-hal-ksdk-mcu/source/mbed-hal-ksdk-mcu.a(fsl_rtc_hal.c.o)
 .text.RTC_HAL_Enable
                0x00009170        0x6 ym/mbed-hal-ksdk-mcu/source/mbed-hal-ksdk-mcu.a(fsl_rtc_hal.c.o)
                0x00009170                RTC_HAL_Enable
 .text.RTC_HAL_Init
                0x00009176       0x76 ym/mbed-hal-ksdk-mcu/source/mbed-hal-ksdk-mcu.a(fsl_rtc_hal.c.o)
                0x00009176                RTC_HAL_Init
 .text.mbed_ualloc
                0x000091ec       0x48 ym/ualloc/source/ualloc.a(ualloc.c.o)
                0x000091ec                mbed_ualloc
 .text.dlcalloc
                0x00009234       0x40 ym/dlmalloc/source/dlmalloc.a(dlmalloc.c.o)
                0x00009234                dlcalloc
 .text.dlrealloc
                0x00009274       0x72 ym/dlmalloc/source/dlmalloc.a(dlmalloc.c.o)
                0x00009274                dlrealloc
 .text.__aeabi_atexit
                0x000092e6        0xa c:/progra~2/gnutoo~1/4636a~1.920/bin/../lib/gcc/arm-none-eabi/4.9.3/../../../../arm-none-eabi/lib/armv7e-m\libstdc++_nano.a(atexit_arm.o)
                0x000092e6                __aeabi_atexit
 .text._ZdlPv   0x000092f0        0x4 c:/progra~2/gnutoo~1/4636a~1.920/bin/../lib/gcc/arm-none-eabi/4.9.3/../../../../arm-none-eabi/lib/armv7e-m\libstdc++_nano.a(del_op.o)
                0x000092f0                operator delete(void*)
 .text._Znwj    0x000092f4       0x22 c:/progra~2/gnutoo~1/4636a~1.920/bin/../lib/gcc/arm-none-eabi/4.9.3/../../../../arm-none-eabi/lib/armv7e-m\libstdc++_nano.a(new_op.o)
                0x000092f4                operator new(unsigned int)
 .text.abort    0x00009316        0xe c:/progra~2/gnutoo~1/4636a~1.920/bin/../lib/gcc/arm-none-eabi/4.9.3/../../../../arm-none-eabi/lib/armv7e-m\libc_nano.a(lib_a-abort.o)
                0x00009316                abort
 .text.__sflush_r
                0x00009324      0x108 c:/progra~2/gnutoo~1/4636a~1.920/bin/../lib/gcc/arm-none-eabi/4.9.3/../../../../arm-none-eabi/lib/armv7e-m\libc_nano.a(lib_a-fflush.o)
                0x00009324                __sflush_r
 .text.__sfmoreglue
                0x0000942c       0x2c c:/progra~2/gnutoo~1/4636a~1.920/bin/../lib/gcc/arm-none-eabi/4.9.3/../../../../arm-none-eabi/lib/armv7e-m\libc_nano.a(lib_a-findfp.o)
                0x0000942c                __sfmoreglue
 .text.__sfp_lock_acquire
                0x00009458        0x2 c:/progra~2/gnutoo~1/4636a~1.920/bin/../lib/gcc/arm-none-eabi/4.9.3/../../../../arm-none-eabi/lib/armv7e-m\libc_nano.a(lib_a-findfp.o)
                0x00009458                __sfp_lock_acquire
 .text.__sfp_lock_release
                0x0000945a        0x2 c:/progra~2/gnutoo~1/4636a~1.920/bin/../lib/gcc/arm-none-eabi/4.9.3/../../../../arm-none-eabi/lib/armv7e-m\libc_nano.a(lib_a-findfp.o)
                0x0000945a                __sfp_lock_release
 .text._fseek_r
                0x0000945c        0x4 c:/progra~2/gnutoo~1/4636a~1.920/bin/../lib/gcc/arm-none-eabi/4.9.3/../../../../arm-none-eabi/lib/armv7e-m\libc_nano.a(lib_a-fseek.o)
                0x0000945c                _fseek_r
 .text._fwalk_reent
                0x00009460       0x3c c:/progra~2/gnutoo~1/4636a~1.920/bin/../lib/gcc/arm-none-eabi/4.9.3/../../../../arm-none-eabi/lib/armv7e-m\libc_nano.a(lib_a-fwalk.o)
                0x00009460                _fwalk_reent
 .text.memchr   0x0000949c       0x1e c:/progra~2/gnutoo~1/4636a~1.920/bin/../lib/gcc/arm-none-eabi/4.9.3/../../../../arm-none-eabi/lib/armv7e-m\libc_nano.a(lib_a-memchr.o)
                0x0000949c                memchr
 .text.memcpy   0x000094ba       0x16 c:/progra~2/gnutoo~1/4636a~1.920/bin/../lib/gcc/arm-none-eabi/4.9.3/../../../../arm-none-eabi/lib/armv7e-m\libc_nano.a(lib_a-memcpy.o)
                0x000094ba                memcpy
 .text.memset   0x000094d0       0x10 c:/progra~2/gnutoo~1/4636a~1.920/bin/../lib/gcc/arm-none-eabi/4.9.3/../../../../arm-none-eabi/lib/armv7e-m\libc_nano.a(lib_a-memset.o)
                0x000094d0                memset
 .text.__sfputc_r
                0x000094e0       0x2c c:/progra~2/gnutoo~1/4636a~1.920/bin/../lib/gcc/arm-none-eabi/4.9.3/../../../../arm-none-eabi/lib/armv7e-m\libc_nano.a(lib_a-nano-vfprintf.o)
 .text.__sfputs_r
                0x0000950c       0x24 c:/progra~2/gnutoo~1/4636a~1.920/bin/../lib/gcc/arm-none-eabi/4.9.3/../../../../arm-none-eabi/lib/armv7e-m\libc_nano.a(lib_a-nano-vfprintf.o)
                0x0000950c                __sfputs_r
 .text._printf_common
                0x00009530       0xea c:/progra~2/gnutoo~1/4636a~1.920/bin/../lib/gcc/arm-none-eabi/4.9.3/../../../../arm-none-eabi/lib/armv7e-m\libc_nano.a(lib_a-nano-vfprintf_i.o)
                0x00009530                _printf_common
 .text.__sccl   0x0000961a       0x64 c:/progra~2/gnutoo~1/4636a~1.920/bin/../lib/gcc/arm-none-eabi/4.9.3/../../../../arm-none-eabi/lib/armv7e-m\libc_nano.a(lib_a-sccl.o)
                0x0000961a                __sccl
 .text.setbuf   0x0000967e       0x10 c:/progra~2/gnutoo~1/4636a~1.920/bin/../lib/gcc/arm-none-eabi/4.9.3/../../../../arm-none-eabi/lib/armv7e-m\libc_nano.a(lib_a-setbuf.o)
                0x0000967e                setbuf
 .text._raise_r
                0x0000968e       0x50 c:/progra~2/gnutoo~1/4636a~1.920/bin/../lib/gcc/arm-none-eabi/4.9.3/../../../../arm-none-eabi/lib/armv7e-m\libc_nano.a(lib_a-signal.o)
                0x0000968e                _raise_r
 .text._getpid_r
                0x000096de        0x4 c:/progra~2/gnutoo~1/4636a~1.920/bin/../lib/gcc/arm-none-eabi/4.9.3/../../../../arm-none-eabi/lib/armv7e-m\libc_nano.a(lib_a-signalr.o)
                0x000096de                _getpid_r
 .text.__sread  0x000096e2       0x22 c:/progra~2/gnutoo~1/4636a~1.920/bin/../lib/gcc/arm-none-eabi/4.9.3/../../../../arm-none-eabi/lib/armv7e-m\libc_nano.a(lib_a-stdio.o)
                0x000096e2                __sread
 .text.__seofread
                0x00009704        0x4 c:/progra~2/gnutoo~1/4636a~1.920/bin/../lib/gcc/arm-none-eabi/4.9.3/../../../../arm-none-eabi/lib/armv7e-m\libc_nano.a(lib_a-stdio.o)
                0x00009704                __seofread
 .text.__swrite
                0x00009708       0x38 c:/progra~2/gnutoo~1/4636a~1.920/bin/../lib/gcc/arm-none-eabi/4.9.3/../../../../arm-none-eabi/lib/armv7e-m\libc_nano.a(lib_a-stdio.o)
                0x00009708                __swrite
 .text.__sseek  0x00009740       0x24 c:/progra~2/gnutoo~1/4636a~1.920/bin/../lib/gcc/arm-none-eabi/4.9.3/../../../../arm-none-eabi/lib/armv7e-m\libc_nano.a(lib_a-stdio.o)
                0x00009740                __sseek
 .text.__sclose
                0x00009764        0x8 c:/progra~2/gnutoo~1/4636a~1.920/bin/../lib/gcc/arm-none-eabi/4.9.3/../../../../arm-none-eabi/lib/armv7e-m\libc_nano.a(lib_a-stdio.o)
                0x00009764                __sclose
 .text          0x0000976c       0x14 c:/progra~2/gnutoo~1/4636a~1.920/bin/../lib/gcc/arm-none-eabi/4.9.3/../../../../arm-none-eabi/lib/armv7e-m\libc_nano.a(lib_a-strcmp.o)
                0x0000976c                strcmp
 .text.strlen   0x00009780       0x10 c:/progra~2/gnutoo~1/4636a~1.920/bin/../lib/gcc/arm-none-eabi/4.9.3/../../../../arm-none-eabi/lib/armv7e-m\libc_nano.a(lib_a-strlen.o)
                0x00009780                strlen
 .text.strncmp  0x00009790       0x34 c:/progra~2/gnutoo~1/4636a~1.920/bin/../lib/gcc/arm-none-eabi/4.9.3/../../../../arm-none-eabi/lib/armv7e-m\libc_nano.a(lib_a-strncmp.o)
                0x00009790                strncmp
 .text.__submore
                0x000097c4       0x76 c:/progra~2/gnutoo~1/4636a~1.920/bin/../lib/gcc/arm-none-eabi/4.9.3/../../../../arm-none-eabi/lib/armv7e-m\libc_nano.a(lib_a-ungetc.o)
                0x000097c4                __submore
 .text.__sflags
                0x0000983a       0x6e c:/progra~2/gnutoo~1/4636a~1.920/bin/../lib/gcc/arm-none-eabi/4.9.3/../../../../arm-none-eabi/lib/armv7e-m\libc_nano.a(lib_a-flags.o)
                0x0000983a                __sflags
 .text.memmove  0x000098a8       0x36 c:/progra~2/gnutoo~1/4636a~1.920/bin/../lib/gcc/arm-none-eabi/4.9.3/../../../../arm-none-eabi/lib/armv7e-m\libc_nano.a(lib_a-memmove.o)
                0x000098a8                memmove
 .text.__ssputs_r
                0x000098de       0xb2 c:/progra~2/gnutoo~1/4636a~1.920/bin/../lib/gcc/arm-none-eabi/4.9.3/../../../../arm-none-eabi/lib/armv7e-m\libc_nano.a(lib_a-nano-svfprintf.o)
                0x000098de                __ssputs_r
 .text._sungetc_r
                0x00009990       0x7a c:/progra~2/gnutoo~1/4636a~1.920/bin/../lib/gcc/arm-none-eabi/4.9.3/../../../../arm-none-eabi/lib/armv7e-m\libc_nano.a(lib_a-nano-svfscanf.o)
                0x00009990                _sungetc_r
 .text.__ssrefill_r
                0x00009a0a       0x3a c:/progra~2/gnutoo~1/4636a~1.920/bin/../lib/gcc/arm-none-eabi/4.9.3/../../../../arm-none-eabi/lib/armv7e-m\libc_nano.a(lib_a-nano-svfscanf.o)
                0x00009a0a                __ssrefill_r
 .text._ZN4mbed4util10atomic_casImEEbPT_S3_S2_
                0x00009a44       0x1e ym/core-util/source/core-util.a(sbrk.cpp.o)
                0x00009a44                bool mbed::util::atomic_cas<unsigned long>(unsigned long*, unsigned long*, unsigned long)
 .text.mbed_krbs
                0x00009a62        0x6 ym/core-util/source/core-util.a(sbrk.cpp.o)
                0x00009a62                mbed_krbs
 .text.__wrap__malloc_r
                0x00009a68        0xc ym/ualloc/source/ualloc.a(malloc.c.o)
                0x00009a68                __wrap__malloc_r
 .text.__wrap__realloc_r
                0x00009a74        0xe ym/ualloc/source/ualloc.a(malloc.c.o)
                0x00009a74                __wrap__realloc_r
 .text.__wrap__free_r
                0x00009a82        0x6 ym/ualloc/source/ualloc.a(malloc.c.o)
                0x00009a82                __wrap__free_r
 *(SORT(.init))
 .init          0x00009a88        0x4 c:/progra~2/gnutoo~1/4636a~1.920/bin/../lib/gcc/arm-none-eabi/4.9.3/armv7e-m/crti.o
                0x00009a88                _init
 .init          0x00009a8c        0x8 c:/progra~2/gnutoo~1/4636a~1.920/bin/../lib/gcc/arm-none-eabi/4.9.3/armv7e-m/crtn.o
 *(SORT(.fini))
 .fini          0x00009a94        0x4 c:/progra~2/gnutoo~1/4636a~1.920/bin/../lib/gcc/arm-none-eabi/4.9.3/armv7e-m/crti.o
                0x00009a94                _fini
 .fini          0x00009a98        0x8 c:/progra~2/gnutoo~1/4636a~1.920/bin/../lib/gcc/arm-none-eabi/4.9.3/armv7e-m/crtn.o
 *crtbegin.o(SORT(.ctors))
 *crtbegin?.o(SORT(.ctors))
 *(SORT(EXCLUDE_FILE(*crtend.o *crtend?.o) .ctors))
 *(SORT(.ctors.*))
 *(SORT(.ctors))
 *crtbegin.o(SORT(.dtors))
 *crtbegin?.o(SORT(.dtors))
 *(SORT(EXCLUDE_FILE(*crtend.o *crtend?.o) .dtors))
 *(SORT(.dtors.*))
 *(SORT(.dtors))
 *(SORT(.rodata*))
 .rodata._ZTVN4mbed4util19FunctionPointerBindIvEE
                0x00009aa0       0x14 test/CMakeFiles/htu21d-test-test.dir/C_/Users/andwat01/Documents/htu21d/test/test.cpp.o
                0x00009aa0                vtable for mbed::util::FunctionPointerBind<void>
 *fill*         0x00009ab4        0x4 
 .rodata._ZTVN4mbed4util16FunctionPointer0IvEE
                0x00009ab8       0x14 test/CMakeFiles/htu21d-test-test.dir/C_/Users/andwat01/Documents/htu21d/test/test.cpp.o
                0x00009ab8                vtable for mbed::util::FunctionPointer0<void>
 *fill*         0x00009acc        0x4 
 .rodata._ZTVN4mbed10SerialBaseE
                0x00009ad0       0x10 test/CMakeFiles/htu21d-test-test.dir/C_/Users/andwat01/Documents/htu21d/test/test.cpp.o
                0x00009ad0                vtable for mbed::SerialBase
 .rodata._ZTVN4mbed6SerialE
                0x00009ae0       0x5c ym/mbed-drivers/source/mbed-drivers.a(Serial.cpp.o)
                0x00009ae0                vtable for mbed::Serial
 *fill*         0x00009b3c        0x4 
 .rodata._ZTVN4mbed4util16FunctionPointer2IviPPcEE